CAMPAIGN:Paizo - Second Darkness - Chapter 1: Shadow in the Sky
MINVER:5.14.1
MINDEVVER: 5.15.0
DEST:DATA
COPYRIGHT:Open Game License v 1.0a Copyright 2000, Wizards of the Coast, Inc.
COPYRIGHT:System Reference Document. Copyright 2000. Wizards of the Coast, Inc; Authors Jonathan Tweet, Monte Cook, Skip Williams, based on material by E. Gary Gygax and Dave Arneson.
COPYRIGHT:Pathfinder 13: Shadow in the Sky. Copyright 2008, Paizo Publishing, LLC; Author: Greg A. Vaughan.
COPYRIGHT:PCGen dataset conversion for "Second Darkness - Chapter 1: Shadow in the Sky" Copyright 2008, PCGen Data Team (including, but not limited to, Eddy Anthony (MoSaT))
SOURCELONG:Curse of the Crimson Throne Player's Guide
SOURCELONG:Second Darkness - Chapter 1: Shadow in the Sky
SOURCESHORT:PF13
SOURCEWEB:http://paizo.com/store/byCompany/p/paizoPublishingLLC/v5748btpy84em
SOURCEDATE:2008-08
PUBNAMELONG:Paizo Publishing
PUBNAMESHORT:Paizo
PUBNAMEWEB:http://paizo.com/
INFOTEXT:Second Darkness - Chapter 1: Shadow in the Sky, Dataset Version 1.0
