CAMPAIGN:Paizo - Rise of the Runelords - Chapter 4: Fortress of the Stone Giants
MINVER:5.14.1
MINDEVVER: 5.15.0
DEST:DATA
COPYRIGHT:Open Game License v 1.0 Copyright 2000, Wizards of the Coast, Inc.
COPYRIGHT:System Reference Document. Copyright 2000. Wizards of the Coast, Inc; Authors Jonathan Tweet, Monte Cook, Skip Williams, based on material by E. Gary Gygax and Dave Arneson.
COPYRIGHT:Pathfinder 4: Fortress of the Stone Giants, Copyright 2007, Paizo Publishing, LLC; Author Wolfgang Baur.
COPYRIGHT:Advanced Bestiary, Copyright 2004, Green Ronin Publishing, LLC; Author Matthew Sernett.
COPYRIGHT:Tome of Horrors II, Copyright 2004, Necromancer Games, Inc.; Author Scott Greene; Additional Authors: Erica Balsley, Kevin Baase, Casey Christofferson, Jim Collura, Meghan Greene, Lance Hawvermale, Travis Hawvermale, Bill Kenower, Patrick Lawinger, Nathan Paul, Clark Peterson, Bill Webb, and Monte Cook.
COPYRIGHT:PCGen dataset conversion for "Pathfinder 4: Fortress of the Stone Giants" Copyright 2008, PCGen Data Team (including, but not limited to Eric C. Smith)
SOURCELONG:Rise of the Runelords - Chapter 4: Fortress of the Stone Giants
SOURCESHORT:PF4
SOURCEWEB:http://paizo.com/pathfinder/v5748btpy80hm
SOURCEDATE:2007-09
PUBNAMELONG:Paizo Publishing
PUBNAMESHORT:Paizo
PUBNAMEWEB:http://paizo.com/
INFOTEXT:Rise of the Runelords - Chapter 4: Fortress of the Stone Giants, Dataset Version 1.0