CAMPAIGN:Paizo - Pathfinder Chronicles: Guide to the River Kingdoms
MINVER:5.16.2
MINDEVVER: 5.17.0
DEST:DATA

PUBNAMELONG:Paizo Publishing
PUBNAMESHORT:Paizo
PUBNAMEWEB:http://paizo.com/
SOURCELONG:Guide to the River Kingdoms
SOURCESHORT:GRK
SOURCEWEB:http://paizo.com/pathfinder/pathfinderChronicles/pathfinderRPG/v5748btpy87d8
SOURCEDATE:2010-03

INFOTEXT:This dataset uses trademarks and/or copyrights owned by Paizo Publishing, LLC, which are used under Paizo's Community Use Policy. We are expressly prohibited from charging you to use or access this content. This dataset is not published, endorsed, or specifically approved by Paizo Publishing. For more information about Paizo's Community Use Policy, please visit paizo.com/communityuse. For more information about Paizo Publishing and Paizo products, please visit paizo.com.
COPYRIGHT:Open Game License v 1.0a Copyright 2000, Wizards of the Coast, Inc.
COPYRIGHT:System Reference Document. Copyright 2000. Wizards of the Coast, Inc; Authors: Jonathan Tweet, Monte Cook, Skip Williams, based on material by E. Gary Gygax and Dave Arneson.
COPYRIGHT:Pathfinder Chronicles: Guide to the River Kingdoms. Copyright 2010, Paizo Publishing, LLC; Authors: Eric Bailey, Kevin Carter, Elaine Cunningham, Adam Daigle, Mike Ferguson, Joshua J. Frost, Steve Kenson, Rob Manning, Alison McKenzie, Colin Moulder-McComb, China Miéville, Brock Mitchel-Slentz, Jason Nelson, Richard Pett, Chris Pramas, Jeff Quick, Sean K Reynolds, F. Wesley Schneider, Lisa Stevens, Neil Spicer, Matthew Stinson, and John Wick.
COPYRIGHT:Yellow Musk Creeper from the Tome of Horrors. Copyright 2002, Necromancer Games, Inc.; Author: Scott Greene, based on original material by Albie Fiore.
COPYRIGHT:Yellow Musk Zombie from the Tome of Horrors. Copyright 2002, Necromancer Games, Inc.; Author: Scott Greene, based on original material by Albie Fiore.
COPYRIGHT:PCGen dataset conversion for "Pathfinder Chronicles: Guide to the River Kingdoms" Copyright 2010, PCGen Data team (Including, but not limited to Stefan Radermacher)
