CAMPAIGN:Paizo - Curse of the Crimson Throne - Chapter 5: Skeletons of Scarwall
MINVER:5.14.1
MINDEVVER: 5.15.0
DEST:DATA
COPYRIGHT:Open Game License v 1.0a Copyright 2000, Wizards of the Coast, Inc.
COPYRIGHT:System Reference Document. Copyright 2000. Wizards of the Coast, Inc; Authors Jonathan Tweet, Monte Cook, Skip Williams, based on material by E. Gary Gygax and Dave Arneson.
COPYRIGHT:Pathfinder 11: Chapter 5: Skeletons of Scarwall. Copyright 2008, Paizo Publishing, LLC; Author: Sean K Reynolds, James L. Sutter, Greg A. Vaughan.
COPYRIGHT:Tome of Horrors. Copyright 2002 Necromancer Games, Inc.; Authors: Scott Greene, with Clark Peterson, Erica Balsley, Kevin Baase, Casey Christofferson, Lance Hawvermale, Travis Hawvermale, Patrick Lawinger, and Bill Webb; Based on original content from TSR.
COPYRIGHT:PCGen dataset conversion for Curse of the Crimson Throne: Edge of Anarchy Copyright 2008, PCGen Data team (Including, but not limited to Terrence FitzSimons)
SOURCELONG:Curse of the Crimson Throne: Skeletons of Scarwall
SOURCESHORT:CotCT:SoS
SOURCEWEB:http://paizo.com/pathfinder/v5748btpy81xw
SOURCEDATE:2008-08
PUBNAMELONG:Paizo Publishing
PUBNAMESHORT:Paizo
PUBNAMEWEB:http://paizo.com/
INFOTEXT:Curse of the Crimson Throne - Chapter 5: Skeletons of Scarwall, Dataset Version 1.0
