CAMPAIGN:Paizo - Rise of the Runelords - Chapter 5: Sins of the Saviors
MINVER:5.14.1
MINDEVVER: 5.15.0
DEST:DATA
COPYRIGHT:Open Game License v 1.0 Copyright 2000, Wizards of the Coast, Inc.
COPYRIGHT:System Reference Document. Copyright 2000. Wizards of the Coast, Inc; Authors Jonathan Tweet, Monte Cook, Skip Williams, based on Material by E. Gary Gygax and Dave Arneson.
COPYRIGHT:Rise of the Runelords Player's Guide. Copyright 2007, Paizo Publishing LLC. Author F. Wesley Schneider.
COPYRIGHT:Pathfinder 1: Burnt Offerings. Copyright 2007 Paizo Publishing LLC. Author: James Jacobs
COPYRIGHT:Pathfinder 2: The Skinsaw Murders. Copyright 2007 Paizo Publishing LLC. Author: Richard Pett
COPYRIGHT:Advanced Bestiary. Copyrigh 2004 Green Ronin Publishing LLC. Author Matthew Sernett
COPYRIGHT:PCGen dataset conversion for "Rise of the Runelords - Chapter 5: Sins of thr Saviors" Copyright 2007-2008, PCGen Data Team (including, but not limited to, Andrew Maitland.)
SOURCELONG:Rise of the Runelords - Chapter 5: Sins of the Saviors
SOURCESHORT:PF5
SOURCEWEB:http://paizo.com/pathfinder/v5748btpy8029
SOURCEDATE:2007-10
PUBNAMELONG:Paizo Publishing
PUBNAMESHORT:Paizo
PUBNAMEWEB:http://paizo.com/
INFOTEXT:Rise of the Runelords - Chapter 5: Sins of the Saviors, Dataset Version 1.0
