CAMPAIGN:Paizo - Pathfinder RPG (Beta Playtest Edition)
MINVER:5.16.3
MINDEVVER: 5.17.0
DEST:DATA

PUBNAMELONG:Paizo Publishing
PUBNAMESHORT:Paizo
PUBNAMEWEB:http://paizo.com/
SOURCELONG:Pathfinder RPG (Beta Playtest Edition)
SOURCESHORT:PFRPGB
SOURCEWEB:http://paizo.com/store/downloads/pathfinderRPG/v5748btpy84o0
SOURCEDATE:2008-08

INFOTEXT:This dataset uses trademarks and/or copyrights owned by Paizo Publishing, LLC, which are used under Paizo's Community Use Policy. We are expressly prohibited from charging you to use or access this content. This dataset is not published, endorsed, or specifically approved by Paizo Publishing. For more information about Paizo's Community Use Policy, please visit paizo.com/communityuse. For more information about Paizo Publishing and Paizo products, please visit paizo.com.

COPYRIGHT:Open Game License v 1.0a Copyright 2000, Wizards of the Coast, Inc.
COPYRIGHT:System Reference Document. Copyright 2000. Wizards of the Coast, Inc; Authors Jonathan Tweet, Monte Cook, Skip Williams, based on material by E. Gary Gygax and Dave Arneson.
COPYRIGHT:Pathfinder Roleplaying Game Beta playtest edition. Copyright 2008, Paizo Publishing, LLC; Author: Jason Bulmahn.
COPYRIGHT:The Book of Experimental Might. Copyright 2008, Malhavoc Press; Author: Monte J. Cook.
COPYRIGHT:PCGen dataset conversion for the "Pathfinder Roleplaying Game Beta playtest edition" Copyright 2008, PCGen Data team (Including, but not limited to Stefan Radermacher)
