# CVS $Revision$ $Author$ -- Tue Nov 10 12:54:53 2009 -- reformated by prettylst.pl v1.39 (build 10232)
SOURCELONG:Pathfinder Roleplaying Game Bestiary	SOURCESHORT:PFB	SOURCEWEB:http://paizo.com/store/byCompany/p/paizoPublishingLLC/pathfinder/pathfinderRPG/v5748btpy85k5	SOURCEDATE:2009-09


STARTPACK:Gargoyle Default	VISIBLE:QUALIFY	EQUIPBUY:0	PREMULT:1,[PRERACE:1,Gargoyle],[!PRERACE:1,%]	SOURCEPAGE:p.137
ALIGN:CE
RACE:Gargoyle	!PRERACE:1,%
NAME:Gargoyle
SKILL:Fly		RANK:4
SKILL:Perception	RANK:2
SKILL:Stealth	RANK:4
FEAT:Hover
FEAT:Improved Initiative
FEAT:Skill Focus (Fly)
STAT:STR=11|DEX=10|CON=10|INT=10|WIS=11|CHA=11


STARTPACK:Kapoacinth Default	VISIBLE:QUALIFY	EQUIPBUY:0	PREMULT:1,[PRERACE:1,Kapoacinth],[!PRERACE:1,%]	SOURCEPAGE:p.137
ALIGN:CE
RACE:Kapoacinth	!PRERACE:1,%
NAME:Kapoacinth
SKILL:Swim		RANK:4
SKILL:Perception	RANK:2
SKILL:Stealth	RANK:4
FEAT:Hover
FEAT:Improved Initiative
FEAT:Skill Focus (Swim)
STAT:STR=11|DEX=10|CON=10|INT=10|WIS=11|CHA=11


STARTPACK:Gelatinous Cube Default	VISIBLE:QUALIFY	EQUIPBUY:0	PREMULT:1,[PRERACE:1,Gelatinous Cube],[!PRERACE:1,%]	SOURCEPAGE:p.138
ALIGN:TN
RACE:Gelatinous Cube	!PRERACE:1,%
NAME:Gelatinous Cube
STAT:STR=10|DEX=11|CON=10|INT=10|WIS=11|CHA=11


STARTPACK:Genie (Djinni) Default	VISIBLE:QUALIFY	EQUIPBUY:0	PREMULT:1,[PRERACE:1,Genie (Djinni)],[!PRERACE:1,%]	SOURCEPAGE:p.139
ALIGN:CG
RACE:Genie (Djinni)	!PRERACE:1,%
NAME:Genie (Djinni)
SKILL:Appraise			RANK:7
SKILL:TYPE=Craft			RANK:7
SKILL:Fly				RANK:7
SKILL:Knowledge (Planes)	RANK:7
SKILL:Perception			RANK:7
SKILL:Sense Motive		RANK:7
SKILL:Spellcraft			RANK:7
SKILL:Stealth			RANK:7
FEAT:Combat Casting
FEAT:Combat Reflexes
FEAT:Dodge
FEAT:Wind Stance
STAT:STR=10|DEX=11|CON=10|INT=10|WIS=11|CHA=11
GEAR:Scimitar	SIZE:L	LOCATION:Primary Hand	EQMOD:MWORKW


STARTPACK:Genie (Djinni/Noble) Default	VISIBLE:QUALIFY	EQUIPBUY:0	PREMULT:1,[PRERACE:1,Genie (Djinni/Noble)],[!PRERACE:1,%]	SOURCEPAGE:p.139
ALIGN:CG
RACE:Genie (Djinni/Noble)	!PRERACE:1,%
NAME:Genie (Djinni/Noble)
SKILL:Appraise			RANK:7
SKILL:TYPE=Craft			RANK:7
SKILL:Fly				RANK:7
SKILL:Knowledge (Planes)	RANK:7
SKILL:Perception			RANK:7
SKILL:Sense Motive		RANK:7
SKILL:Spellcraft			RANK:7
SKILL:Stealth			RANK:7
FEAT:Combat Casting
FEAT:Combat Reflexes
FEAT:Dodge
FEAT:Wind Stance
STAT:STR=11|DEX=11|CON=10|INT=10|WIS=11|CHA=11
GEAR:Scimitar	SIZE:L	LOCATION:Primary Hand	EQMOD:MWORKW


STARTPACK:Genie (Efreeti) Default	VISIBLE:QUALIFY	EQUIPBUY:0	PREMULT:1,[PRERACE:1,Genie (Efreeti)],[!PRERACE:1,%]	SOURCEPAGE:p.140
ALIGN:LE
RACE:Genie (Efreeti)	!PRERACE:1,%
NAME:Genie (Efreeti)
SKILL:Bluff			RANK:10
SKILL:TYPE=Craft		RANK:10
SKILL:Disguise		RANK:3
SKILL:Fly			RANK:2
SKILL:Intimidate		RANK:10
SKILL:Perception		RANK:10
SKILL:Sense Motive	RANK:10
SKILL:Spellcraft		RANK:10
SKILL:Stealth		RANK:6
FEAT:Combat Casting
FEAT:Combat Reflexes
FEAT:Deceitful
FEAT:Dodge
FEAT:Quicken Spell Like Ability (Scorching Ray)
STAT:STR=11|DEX=11|CON=10|INT=10|WIS=10|CHA=11
GEAR:Falchion	SIZE:L	LOCATION:Primary Hand	EQMOD:MWORKW


STARTPACK:Genie (Efreeti/Noble) Default	VISIBLE:QUALIFY	EQUIPBUY:0	PREMULT:1,[PRERACE:1,Genie (Efreeti/Noble)],[!PRERACE:1,%]	SOURCEPAGE:p.140
ALIGN:LE
RACE:Genie (Efreeti/Noble)	!PRERACE:1,%
NAME:Genie (Efreeti/Noble)
SKILL:Bluff			RANK:10
SKILL:TYPE=Craft		RANK:10
SKILL:Disguise		RANK:3
SKILL:Fly			RANK:2
SKILL:Intimidate		RANK:10
SKILL:Perception		RANK:10
SKILL:Sense Motive	RANK:10
SKILL:Spellcraft		RANK:10
SKILL:Stealth		RANK:6
FEAT:Combat Casting
FEAT:Combat Reflexes
FEAT:Deceitful
FEAT:Dodge
FEAT:Quicken Spell Like Ability (Scorching Ray)
STAT:STR=11|DEX=11|CON=10|INT=10|WIS=10|CHA=11
GEAR:Falchion	SIZE:L	LOCATION:Primary Hand	EQMOD:MWORKW


STARTPACK:Genie (Janni) Default	VISIBLE:QUALIFY	EQUIPBUY:0	PREMULT:1,[PRERACE:1,Genie (Janni)],[!PRERACE:1,%]	SOURCEPAGE:p.141
ALIGN:TN
RACE:Genie (Janni)	!PRERACE:1,%
NAME:Genie (Janni)
SKILL:Appraise		RANK:6
SKILL:TYPE=Craft		RANK:6
SKILL:Fly			RANK:1
SKILL:Perception		RANK:6
SKILL:Ride			RANK:1
SKILL:Sense Motive	RANK:6
SKILL:Spellcraft		RANK:6
SKILL:Stealth		RANK:1
FEAT:Combat Reflexes
FEAT:Dodge
FEAT:Mobility
STAT:STR=10|DEX=11|CON=10|INT=10|WIS=11|CHA=11
GEAR:Longbow (Composite)	LOCATION:Carried		EQMOD:BOWSTR|3
GEAR:Scimitar			LOCATION:Primary Hand
GEAR:Chainmail			LOCATION:Equipped


STARTPACK:Genie (Marid) Default	VISIBLE:QUALIFY	EQUIPBUY:0	PREMULT:1,[PRERACE:1,Genie (Marid)],[!PRERACE:1,%]	SOURCEPAGE:p.142
ALIGN:CN
RACE:Genie (Marid)	!PRERACE:1,%
NAME:Genie (Marid)
SKILL:TYPE=Craft			RANK:12
SKILL:Diplomacy			RANK:12
SKILL:Knowledge (Planes)	RANK:12
SKILL:Perception			RANK:12
SKILL:Sense Motive		RANK:12
SKILL:Spellcraft			RANK:12
SKILL:Stealth			RANK:12
SKILL:Swim				RANK:12
FEAT:Combat Casting
FEAT:Combat Reflexes
FEAT:Dodge
FEAT:Great Fortitude
FEAT:Improved Natural Attack (Slam)
FEAT:Power Attack
STAT:STR=11|DEX=11|CON=10|INT=10|WIS=11|CHA=10
GEAR:Trident	SIZE:L	LOCATION:Both Hands	EQMOD:MWORKW


STARTPACK:Genie (Shaitan) Default	VISIBLE:QUALIFY	EQUIPBUY:0	PREMULT:1,[PRERACE:1,Genie (Shaitan)],[!PRERACE:1,%]	SOURCEPAGE:p.143
ALIGN:LN
RACE:Genie (Shaitan)	!PRERACE:1,%
NAME:Genie (Shaitan)
SKILL:Appraise			RANK:9
SKILL:Bluff				RANK:9
SKILL:Climb				RANK:9
SKILL:Craft (Gemcutting)	RANK:9
SKILL:Knowledge (Engineering)	RANK:9
SKILL:Perception			RANK:9
SKILL:Sense Motive		RANK:9
SKILL:Spellcraft			RANK:9
FEAT:Combat Casting
FEAT:Improved Bull Rush
FEAT:Improved Natural Attack (Slam)
FEAT:Power Attack
FEAT:Quicken Spell Like Ability (Glitterdust)
STAT:STR=10|DEX=11|CON=11|INT=10|WIS=10|CHA=11
GEAR:Scimitar	LOCATION:Primary Hand	EQMOD:MWORKW


STARTPACK:Genie (Shaitan/Noble) Default	VISIBLE:QUALIFY	EQUIPBUY:0	PREMULT:1,[PRERACE:1,Genie (Shaitan/Noble)],[!PRERACE:1,%]	SOURCEPAGE:p.143
ALIGN:LN
RACE:Genie (Shaitan/Noble)	!PRERACE:1,%
NAME:Genie (Shaitan/Noble)
SKILL:Appraise			RANK:9
SKILL:Bluff				RANK:9
SKILL:Climb				RANK:9
SKILL:Craft (Gemcutting)	RANK:9
SKILL:Knowledge (Engineering)	RANK:9
SKILL:Perception			RANK:9
SKILL:Sense Motive		RANK:9
SKILL:Spellcraft			RANK:9
FEAT:Combat Casting
FEAT:Improved Bull Rush
FEAT:Improved Natural Attack (Slam)
FEAT:Power Attack
FEAT:Quicken Spell Like Ability (Glitterdust)
STAT:STR=10|DEX=11|CON=11|INT=10|WIS=10|CHA=11
GEAR:Scimitar	LOCATION:Primary Hand	EQMOD:MWORKW


STARTPACK:Human Ghost Aristocrat	VISIBLE:QUALIFY	EQUIPBUY:0	PREMULT:1,[PRERACE:1,Human],[!PRERACE:1,%]	SOURCEPAGE:p.144
ALIGN:CE
RACE:Human	!PRERACE:1,%
CLASS:Aristocrat	LEVEL:7
NAME:Human Ghost Aristocrat
SKILL:Fly				RANK:5
SKILL:Knowledge (History)	RANK:7
SKILL:Knowledge (Nobility)	RANK:7
SKILL:Perception			RANK:7
SKILL:Sense Motive		RANK:7
SKILL:Stealth			RANK:2
FEAT:Dodge
FEAT:Improved Initiative
FEAT:Iron Will
FEAT:Lightning Reflexes
FEAT:Toughness
STAT:STR=10|DEX=12|CON=10|INT=10|WIS=11|CHA=14
TEMPLATE:Ghost
ABILITY:CATEGORY=Ability Bonus|+2 Charisma
ABILITY:CATEGORY=Favored Class|Fighter
ABILITY:CATEGORY=Ghost Ability|Frightful Moan


STARTPACK:Ghoul Default	VISIBLE:QUALIFY	EQUIPBUY:0	PREMULT:1,[PRERACE:1,Ghoul],[!PRERACE:1,%]	SOURCEPAGE:p.146
ALIGN:CE
RACE:Ghoul	!PRERACE:1,%
NAME:Ghoul
SKILL:Acrobatics	RANK:2
SKILL:Climb		RANK:2
SKILL:Perception	RANK:2
SKILL:Stealth	RANK:2
SKILL:Swim		RANK:2
FEAT:Weapon Finesse
STAT:STR=11|DEX=11|CON=10|INT=11|WIS=10|CHA=10


STARTPACK:Ghast Default	VISIBLE:QUALIFY	EQUIPBUY:0	PREMULT:1,[PRERACE:1,Ghast],[!PRERACE:1,%]	SOURCEPAGE:p.146
ALIGN:CE
RACE:Ghast	!PRERACE:1,%
NAME:Ghast
SKILL:Acrobatics	RANK:2
SKILL:Climb		RANK:2
SKILL:Perception	RANK:2
SKILL:Stealth	RANK:2
SKILL:Swim		RANK:2
FEAT:Weapon Finesse
STAT:STR=11|DEX=11|CON=10|INT=11|WIS=10|CHA=10


STARTPACK:Lacedon Default	VISIBLE:QUALIFY	EQUIPBUY:0	PREMULT:1,[PRERACE:1,Lacedon],[!PRERACE:1,%]	SOURCEPAGE:p.146
ALIGN:CE
RACE:Lacedon	!PRERACE:1,%
NAME:Lacedon
SKILL:Acrobatics	RANK:2
SKILL:Climb		RANK:2
SKILL:Perception	RANK:2
SKILL:Stealth	RANK:2
SKILL:Swim		RANK:2
FEAT:Weapon Finesse
STAT:STR=11|DEX=11|CON=10|INT=11|WIS=10|CHA=10


STARTPACK:Giant (Cloud) Default	VISIBLE:QUALIFY	EQUIPBUY:0	PREMULT:1,[PRERACE:1,Giant (Cloud)],[!PRERACE:1,%]	SOURCEPAGE:p.147
ALIGN:NG|NE
RACE:Giant (Cloud)	!PRERACE:1,%
NAME:Cloud Giant
SKILL:Climb					RANK:6
SKILL:TYPE=Craft				RANK:6
SKILL:Diplomacy				RANK:5
SKILL:Intimidate				RANK:10
SKILL:Perception				RANK:11
SKILL:Perform (String Instruments)	RANK:4
FEAT:Awesome Blow
FEAT:Cleave
FEAT:Great Cleave
FEAT:Greater Bull Rush
FEAT:Greater Overrun
FEAT:Intimidating Prowess
FEAT:Iron Will
FEAT:Power Attack
STAT:STR=11|DEX=11|CON=11|INT=10|WIS=10|CHA=10
GEAR:Morningstar		SIZE:G	LOCATION:Both Hands
GEAR:Chain Shirt		SIZE:H	LOCATION:Equipped
GEAR:Rock (Medium)			LOCATION:Not Carried

STARTPACK:Giant (Fire) Default	VISIBLE:QUALIFY	EQUIPBUY:0	PREMULT:1,[PRERACE:1,Giant (Fire)],[!PRERACE:1,%]	SOURCEPAGE:p.148
ALIGN:LE
RACE:Giant (Fire)	!PRERACE:1,%
NAME:Fire Giant
SKILL:Climb		RANK:8
SKILL:TYPE=Craft	RANK:5
SKILL:Intimidate	RANK:8
SKILL:Perception	RANK:9
FEAT:Cleave
FEAT:Great Cleave
FEAT:Improved Overrun
FEAT:Improved Sunder
FEAT:Iron Will
FEAT:Martial Weapon Proficiency (Greatsword)
FEAT:Power Attack
FEAT:Weapon Focus (Greatsword)
STAT:STR=11|DEX=11|CON=11|INT=10|WIS=10|CHA=10
GEAR:Greatsword	SIZE:L	LOCATION:Both Hands
GEAR:Half-Plate	SIZE:L	LOCATION:Equipped
GEAR:Rock (Small)			LOCATION:Not Carried


STARTPACK:Giant (Frost) Default	VISIBLE:QUALIFY	EQUIPBUY:0	PREMULT:1,[PRERACE:1,Giant (Frost)],[!PRERACE:1,%]	SOURCEPAGE:p.149
ALIGN:CE
RACE:Giant (Frost)	!PRERACE:1,%
NAME:Frost Giant
SKILL:Climb		RANK:3
SKILL:TYPE=Craft	RANK:4
SKILL:Intimidate	RANK:4
SKILL:Perception	RANK:5
SKILL:Stealth	RANK:6
FEAT:Cleave
FEAT:Great Cleave
FEAT:Improved Overrun
FEAT:Improved Sunder
FEAT:Martial Weapon Proficiency (Greataxe)
FEAT:Power Attack
FEAT:Skill Focus (Stealth)
STAT:STR=11|DEX=11|CON=11|INT=10|WIS=10|CHA=11
GEAR:Greataxe	SIZE:L	LOCATION:Both Hands
GEAR:Chain Shirt	SIZE:L	LOCATION:Equipped
GEAR:Rock (Small)			LOCATION:Not Carried


STARTPACK:Giant (Hill) Default	VISIBLE:QUALIFY	EQUIPBUY:0	PREMULT:1,[PRERACE:1,Giant (Hill)],[!PRERACE:1,%]	SOURCEPAGE:p.150
ALIGN:CE
RACE:Giant (Hill)	!PRERACE:1,%
NAME:Hill Giant
SKILL:Climb		RANK:3
SKILL:Intimidate	RANK:4
SKILL:Perception	RANK:3
FEAT:Cleave
FEAT:Intimidating Prowess
FEAT:Martial Weapon Proficiency (Greatclub)
FEAT:Power Attack
FEAT:Weapon Focus (Greatclub)
STAT:STR=11|DEX=10|CON=11|INT=10|WIS=10|CHA=11
GEAR:Greatclub	SIZE:L	LOCATION:Both Hands
GEAR:Hide		SIZE:L	LOCATION:Equipped
GEAR:Rock (Small)			LOCATION:Not Carried


STARTPACK:Giant (Stone) Default	VISIBLE:QUALIFY	EQUIPBUY:0	PREMULT:1,[PRERACE:1,Giant (Stone)],[!PRERACE:1,%]	SOURCEPAGE:p.151
ALIGN:TN
RACE:Giant (Stone)	!PRERACE:1,%
NAME:Stone Giant
SKILL:Climb		RANK:1
SKILL:Intimidate	RANK:9
SKILL:Perception	RANK:8
SKILL:Stealth	RANK:3
FEAT:Iron Will
FEAT:Martial Weapon Proficiency (Greatclub)
FEAT:Point Blank Shot
FEAT:Power Attack
FEAT:Precise Shot
FEAT:Quick Draw
STAT:STR=11|DEX=11|CON=11|INT=10|WIS=10|CHA=10
GEAR:Greatclub	SIZE:L	LOCATION:Both Hands
GEAR:Rock (Small)			LOCATION:Not Carried


STARTPACK:Giant (Storm) Default	VISIBLE:QUALIFY	EQUIPBUY:0	PREMULT:1,[PRERACE:1,Giant (Storm)],[!PRERACE:1,%]	SOURCEPAGE:p.152
ALIGN:CG
RACE:Giant (Storm)	!PRERACE:1,%
NAME:Storm Giant
SKILL:Acrobatics		RANK:16
SKILL:Climb			RANK:3
SKILL:TYPE=Craft		RANK:7
SKILL:Intimidate		RANK:15
SKILL:Perception		RANK:19
SKILL:Perform (Sing)	RANK:7
SKILL:Sense Motive	RANK:16
SKILL:Swim			RANK:1
FEAT:Awesome Blow
FEAT:Cleave
FEAT:Combat Reflexes
FEAT:Improved Bull Rush
FEAT:Improved Critical (Greatsword)
FEAT:Improved Sunder
FEAT:Improved Vital Strike
FEAT:Iron Will
FEAT:Power Attack
FEAT:Vital Strike
STAT:STR=11|DEX=10|CON=11|INT=10|WIS=10|CHA=11
GEAR:Greatsword			SIZE:H	LOCATION:Both Hands	EQMOD:MWORKW
GEAR:Longbow (Composite)	SIZE:H	LOCATION:Carried		EQMOD:MWORKW.BOWSTR|14
GEAR:Breastplate			SIZE:H	LOCATION:Equipped		EQMOD:MWORKA


STARTPACK:Gibbering Mouther Default	VISIBLE:QUALIFY	EQUIPBUY:0	PREMULT:1,[PRERACE:1,Gibbering Mouther],[!PRERACE:1,%]	SOURCEPAGE:p.153
ALIGN:TN
RACE:Gibbering Mouther	!PRERACE:1,%
NAME:Gibbering Mouther
SKILL:Perception	RANK:4
FEAT:Weapon Finesse
FEAT:Weapon Focus (Bite)
STAT:STR=10|DEX=11|CON=10|INT=10|WIS=11|CHA=10


STARTPACK:Girallon Default	VISIBLE:QUALIFY	EQUIPBUY:0	PREMULT:1,[PRERACE:1,Girallon],[!PRERACE:1,%]	SOURCEPAGE:p.154
ALIGN:TN
RACE:Girallon	!PRERACE:1,%
NAME:Girallon
SKILL:Perception	RANK:4
SKILL:Stealth	RANK:3
FEAT:Improved Initiative
FEAT:Iron Will
FEAT:Skill Focus (Perception)
FEAT:Toughness
STAT:STR=11|DEX=11|CON=10|INT=10|WIS=10|CHA=11


STARTPACK:Gnoll Default	VISIBLE:QUALIFY	EQUIPBUY:0	PREMULT:1,[PRERACE:1,Gnoll],[!PRERACE:1,%]	SOURCEPAGE:p.155
ALIGN:CE
RACE:Gnoll	!PRERACE:1,%
NAME:Gnoll
SKILL:Perception	RANK:2
FEAT:Power Attack
STAT:STR=11|DEX=10|CON=11|INT=10|WIS=11|CHA=10
GEAR:Longspear			LOCATION:Both Hands
GEAR:Leather			LOCATION:Equipped
GEAR:Shield (Heavy/Wooden)	LOCATION:Equipped
GEAR:Battleaxe			LOCATION:Carried


STARTPACK:Goblin Default	VISIBLE:QUALIFY	EQUIPBUY:0	PREMULT:1,[PRERACE:1,Goblin],[!PRERACE:1,%]	SOURCEPAGE:p.156
ALIGN:NE
RACE:Goblin	!PRERACE:1,%
NAME:Goblin
CLASS:Warrior	LEVEL:1
SKILL:Ride	RANK:1
SKILL:Swim	RANK:1
FEAT:Improved Initiative
STAT:STR=13|DEX=11|CON=12|INT=10|WIS=9|CHA=8
GEAR:Sword (Short)		SIZE:S	LOCATION:Primary Hand
GEAR:Shortbow			SIZE:S	LOCATION:Carried
GEAR:Leather			SIZE:S	LOCATION:Equipped
GEAR:Shield (Light/Wooden)	SIZE:S	LOCATION:Equipped


STARTPACK:Goblin Dog Default	VISIBLE:QUALIFY	EQUIPBUY:0	PREMULT:1,[PRERACE:1,Goblin Dog],[!PRERACE:1,%]	SOURCEPAGE:p.157
ALIGN:TN
RACE:Goblin Dog	!PRERACE:1,%
NAME:Goblin Dog
SKILL:Stealth	RANK:1
FEAT:Toughness
STAT:STR=11|DEX=10|CON=11|INT=10|WIS=10|CHA=10


STARTPACK:Golem (Clay) Default	VISIBLE:QUALIFY	EQUIPBUY:0	PREMULT:1,[PRERACE:1,Golem (Clay)],[!PRERACE:1,%]	SOURCEPAGE:p. 159
ALIGN:TN
RACE:Golem (Clay)	!PRERACE:1,%
NAME:Clay Golem
STAT:STR=10|DEX=11|CON=10|INT=10|WIS=11|CHA=11


STARTPACK:Golem (Flesh) Default	VISIBLE:QUALIFY	EQUIPBUY:0	PREMULT:1,[PRERACE:1,Golem (Flesh)],[!PRERACE:1,%]	SOURCEPAGE:p.160
ALIGN:TN
RACE:Golem (Flesh)	!PRERACE:1,%
NAME:Flesh Golem
STAT:STR=10|DEX=11|CON=10|INT=10|WIS=11|CHA=11


STARTPACK:Golem (Ice) Default	VISIBLE:QUALIFY	EQUIPBUY:0	PREMULT:1,[PRERACE:1,Golem (Ice)],[!PRERACE:1,%]	SOURCEPAGE:p.161
ALIGN:TN
RACE:Golem (Ice)	!PRERACE:1,%
NAME:Ice Golem
STAT:STR=10|DEX=11|CON=10|INT=10|WIS=11|CHA=11


STARTPACK:Golem (Iron) Default	VISIBLE:QUALIFY	EQUIPBUY:0	PREMULT:1,[PRERACE:1,Golem (Iron)],[!PRERACE:1,%]	SOURCEPAGE:p.162
ALIGN:TN
RACE:Golem (Iron)	!PRERACE:1,%
NAME:Iron Golem
STAT:STR=10|DEX=11|CON=10|INT=10|WIS=11|CHA=11


STARTPACK:Golem (Stone) Default	VISIBLE:QUALIFY	EQUIPBUY:0	PREMULT:1,[PRERACE:1,Golem (Stone)],[!PRERACE:1,%]	SOURCEPAGE:p.163
ALIGN:TN
RACE:Golem (Stone)	!PRERACE:1,%
NAME:Stone Golem
STAT:STR=10|DEX=11|CON=10|INT=10|WIS=11|CHA=11


STARTPACK:Golem (Wood) Default	VISIBLE:QUALIFY	EQUIPBUY:0	PREMULT:1,[PRERACE:1,Golem (Wood)],[!PRERACE:1,%]	SOURCEPAGE:p.164
ALIGN:TN
RACE:Golem (Wood)	!PRERACE:1,%
NAME:Wood Golem
STAT:STR=10|DEX=11|CON=11|INT=10|WIS=11|CHA=11


STARTPACK:Gorgon Default	VISIBLE:QUALIFY	EQUIPBUY:0	PREMULT:1,[PRERACE:1,Gorgon],[!PRERACE:1,%]	SOURCEPAGE:p.165
ALIGN:TN
RACE:Gorgon	!PRERACE:1,%
NAME:Gorgon
SKILL:Perception	RANK:8
FEAT:Improved Initiative
FEAT:Iron Will
FEAT:Power Attack
FEAT:Skill Focus (Perception)
STAT:STR=10|DEX=10|CON=10|INT=10|WIS=10|CHA=11


STARTPACK:Gray Ooze Default	VISIBLE:QUALIFY	EQUIPBUY:0	PREMULT:1,[PRERACE:1,Gray Ooze],[!PRERACE:1,%]	SOURCEPAGE:p.166
ALIGN:TN
RACE:Gray Ooze	!PRERACE:1,%
NAME:Gray Ooze
STAT:STR=10|DEX=11|CON=10|INT=10|WIS=11|CHA=11


STARTPACK:Crystal Ooze Default	VISIBLE:QUALIFY	EQUIPBUY:0	PREMULT:1,[PRERACE:1,Crystal Ooze],[!PRERACE:1,%]	SOURCEPAGE:p.166
ALIGN:TN
RACE:Crystal Ooze	!PRERACE:1,%
NAME:Crystal Ooze
STAT:STR=10|DEX=11|CON=10|INT=10|WIS=11|CHA=11


STARTPACK:Id Ooze Default	VISIBLE:QUALIFY	EQUIPBUY:0	PREMULT:1,[PRERACE:1,Id Ooze],[!PRERACE:1,%]	SOURCEPAGE:p.166
ALIGN:TN
RACE:Id Ooze	!PRERACE:1,%
NAME:Id Ooze
SKILL:Stealth	RANK:4
FEAT:Improved Initiative
FEAT:Toughness
STAT:STR=10|DEX=11|CON=10|INT=10|WIS=11|CHA=11


STARTPACK:Green Hag Default	VISIBLE:QUALIFY	EQUIPBUY:0	PREMULT:1,[PRERACE:1,Green Hag],[!PRERACE:1,%]	SOURCEPAGE:p.167
ALIGN:CE
RACE:Green Hag	!PRERACE:1,%
NAME:Green Hag
SKILL:Bluff				RANK:9
SKILL:Disguise			RANK:5
SKILL:Knowledge (Arcana)	RANK:9
SKILL:Perception			RANK:9
SKILL:Sense Motive		RANK:6
SKILL:Stealth			RANK:9
SKILL:Swim				RANK:3
FEAT:Alertness
FEAT:Blind-Fight
FEAT:Combat Casting
FEAT:Deceitful
FEAT:Great Fortitude
STAT:STR=11|DEX=10|CON=10|INT=11|WIS=11|CHA=10


STARTPACK:Griffon Default	VISIBLE:QUALIFY	EQUIPBUY:0	PREMULT:1,[PRERACE:1,Griffon],[!PRERACE:1,%]	SOURCEPAGE:p.168
ALIGN:TN
RACE:Griffon	!PRERACE:1,%
NAME:Griffon
SKILL:Acrobatics	RANK:1
SKILL:Fly		RANK:2
SKILL:Perception	RANK:1
FEAT:Iron Will
FEAT:Skill Focus (Perception)
FEAT:Weapon Focus (Bite)
STAT:STR=10|DEX=11|CON=10|INT=11|WIS=11|CHA=10


STARTPACK:Horse (Pony) Default	TYPE:DefaultMonster.Animal	VISIBLE:QUALIFY	EQUIPBUY:0	PREMULT:1,[!PRERACE:1,%],[PRERACE:1,Horse (Poison)]	SOURCEPAGE:p.118
STAT:STR=11|DEX=11|CON=10|INT=10|WIS=11|CHA=10
RACE:Horse (Pony)	!PRERACE:1,%
NAME:Pony
ALIGN:TN
SKILL:Perception	RANK:2
FEAT:Endurance
