# CVS $Revision$ $Author$ -- Sat Aug  8 14:54:53 2009 -- reformated by prettylst.pl v1.39 (build 9548)
SOURCELONG:Pathfinder Roleplaying Game Bestiary	SOURCESHORT:PFB	SOURCEWEB:http://paizo.com/store/byCompany/p/paizoPublishingLLC/pathfinder/pathfinderRPG/v5748btpy85k5	SOURCEDATE:2009-09

###Block: Celestial and Fiendish Template Abilities
# Ability Name	Unique Key					Category of Ability		Type						Define													Description																																				Modify VAR																	Source Page
Smite Evil		KEY:Smite Evil ~ Celestial Creature	CATEGORY:Special Ability	TYPE:SpecialAttack.Supernatural	DEFINE:SmiteEvilTimes|0	DEFINE:SmiteEvilAttackBonus|0	DEFINE:SmiteEvilDamageBonus|0	DESC:%1/day as a swift action. Add +%2 to attack rolls and +%3 damage bonus against evil foes; smite persists until target is dead or the celestial creature rests.|SmiteEvilTimes|SmiteEvilAttackBonus|SmiteEvilDamageBonus	BONUS:VAR|SmiteEvilTimes|1	BONUS:VAR|SmiteEvilAttackBonus|max(CHA,0)	BONUS:VAR|SmiteEvilDamageBonus|HD	SOURCEPAGE:p.294
Smite Good		KEY:Smite Good ~ Fiendish Creature	CATEGORY:Special Ability	TYPE:SpecialAttack.Supernatural	DEFINE:SmiteGoodTimes|0	DEFINE:SmiteGoodAttackBonus|0	DEFINE:SmiteGoodDamageBonus|0	DESC:%1/day as a swift action. Add +%2 to attack rolls and +%3 damage bonus against good foes; smite persists until target is dead or the fiendish creature rests.|SmiteGoodTimes|SmiteGoodAttackBonus|SmiteGoodDamageBonus	BONUS:VAR|SmiteGoodTimes|1	BONUS:VAR|SmiteGoodAttackBonus|max(CHA,0)	BONUS:VAR|SmiteGoodDamageBonus|HD	SOURCEPAGE:p.294
