# CVS $Revision$ $Author$ -- Wed Nov 11 12:50:35 2009 -- reformated by prettylst.pl v1.39 (build 10232)
SOURCELONG:Pathfinder Roleplaying Game Bestiary	SOURCESHORT:PFB	SOURCEWEB:http://paizo.com/store/byCompany/p/paizoPublishingLLC/pathfinder/pathfinderRPG/v5748btpy85k5	SOURCEDATE:2009-10

###Block: Creatures without racial hit dice
# Race Name	Starting Feats	Size		Move			Face/Space	Reach		Vision				Automatic Languages			Bonus Languages											Bonus to skill						Stat bonus										Modify VAR													Ability																					Nb Legs	Natural Attacks													Spell Res.	Main Race Type	Race Subtype		Type			Challenge Rating	Source Page		Innate Spells
Aasimar	STARTFEATS:1	SIZE:M	MOVE:Walk,30	FACE:5	REACH:5	VISION:Darkvision (60')		LANGAUTO:Celestial,Common		LANGBONUS:Draconic,Dwarven,Elven,Gnome,Halfling,Sylvan				BONUS:SKILL|Diplomacy,Perception|2|TYPE=Racial	BONUS:STAT|WIS,CHA|2								BONUS:VAR|AcidResistanceBonus,ColdResistanceBonus,ElectricityResistanceBonus|5	ABILITY:Special Ability|AUTOMATIC|Resistance to Acid|Resistance to Cold|Resistance to Electricity						LEGS:2																		RACETYPE:Outsider	RACESUBTYPE:Native	TYPE:Outsider	CR:1/2		SOURCEPAGE:p.7	SPELLS:Innate|TIMES=1|CASTERLEVEL=TL|Daylight
Drow		STARTFEATS:1	SIZE:M	MOVE:Walk,30	FACE:5	REACH:5	VISION:Darkvision (120')	LANGAUTO:Elven,Undercommon		LANGBONUS:Abyssal,Aklo,Aquan,Common,Draconic,Drow Sign Language,Gnome,Goblin									BONUS:STAT|DEX,CHA|2	BONUS:STAT|CON|-2																			ABILITY:Special Ability|AUTOMATIC|Drow Immunities|Keen Senses ~ Drow|Light Blindness|Poison Use ~ Drow|Weapon Familiarity ~ Drow	LEGS:2																SR:6+TL	RACETYPE:Humanoid	RACESUBTYPE:Elf		TYPE:Humanoid	CR:1/3		SOURCEPAGE:p.X	SPELLS:Innate|TIMES=1|CASTERLEVEL=TL|Dancing Lights|Darkness|Faerie Fire
Drow Noble	STARTFEATS:1	SIZE:M	MOVE:Walk,30	FACE:5	REACH:5	VISION:Darkvision (120')	LANGAUTO:Elven,Undercommon		LANGBONUS:Abyssal,Aklo,Aquan,Common,Draconic,Drow Sign Language,Gnome,Goblin									BONUS:STAT|DEX|4	BONUS:STAT|INT,WIS,,CHA|2	BONUS:STAT|CON|-2															ABILITY:Special Ability|AUTOMATIC|Drow Immunities|Keen Senses ~ Drow|Light Blindness|Poison Use ~ Drow|Weapon Familiarity ~ Drow	LEGS:2																SR:11+TL	RACETYPE:Humanoid	RACESUBTYPE:Elf		TYPE:Humanoid	CR:1			SOURCEPAGE:p.X	SPELLS:Innate|TIMES=ATWILL|CASTERLEVEL=TL|Dancing Lights|Darkness|Faerie Fire	SPELLS:Innate|TIMES=1|CASTERLEVEL=TL|Divine Favor|Dispel Magic|Suggestion,13+CHA
Goblin	STARTFEATS:1	SIZE:S	MOVE:Walk,30	FACE:5	REACH:5	VISION:Darkvision (60')		LANGAUTO:Goblin				LANGBONUS:Common,Draconic,Dwarven,Gnoll,Gnome,Halfling,Orc												BONUS:STAT|DEX|4	BONUS:STAT|STR,CHA|-2																			ABILITY:Special Ability|AUTOMATIC|Skilled ~ Goblin														LEGS:2																		RACETYPE:Humanoid	RACESUBTYPE:Goblinoid	TYPE:Humanoid	CR:1/3		SOURCEPAGE:p.18
Tengu		STARTFEATS:1	SIZE:M	MOVE:Walk,30	FACE:5	REACH:5	VISION:Low-light Vision		LANGAUTO:Common,Tengu			LANGBONUS:ALL																			BONUS:STAT|DEX,WIS|2	BONUS:STAT|CON|-2																			ABILITY:Special Ability|AUTOMATIC|Gifted Linguist|Sneaky|Swordtrained											LEGS:2	NATURALATTACKS:Bite,Weapon.Natural.Melee.Finesseable.Bludgeoning.Piercing.Slashing,*1,1d3			RACETYPE:Humanoid	RACESUBTYPE:Tengu		TYPE:Humanoid	CR:1/2		SOURCEPAGE:p.24
Tiefling	STARTFEATS:1	SIZE:M	MOVE:Walk,30	FACE:5	REACH:5	VISION:Darkvision (60')		LANGAUTO:Common,Abyssal,Infernal	LANGBONUS:Abyssal,Draconic,Dwarven,Elven,Gnome,Goblin,Halfling,Infernal,Orc									BONUS:STAT|DEX,INT|2	BONUS:STAT|CHA|-2																			ABILITY:Special Ability|AUTOMATIC|Skilled ~ Tiefling|Fiendish Resistance|Fiendish Sorcery								LEGS:2																		RACETYPE:Outsider	RACESUBTYPE:Native	TYPE:Outsider	CR:1/2		SOURCEPAGE:p.25

#
# End
#
