# CVS $Revision$ $Author$ -- Sun Aug  9 12:17:38 2009 -- reformated by prettylst.pl v1.39 (build 9548)
SOURCELONG:Pathfinder Roleplaying Game Bestiary	SOURCESHORT:PFB	SOURCEWEB:http://paizo.com/store/byCompany/p/paizoPublishingLLC/pathfinder/pathfinderRPG/v5748btpy85k5	SOURCEDATE:2009-09

###Block: D
# Race Name		Output Name			Starting Feats	Size		Move			Face/Space	Reach		Vision						Combat bonus						Bonus to skill						Stat bonus													Weapon prof. bonus					Ability							Nb Legs	Natural Attacks													Monster Class Name and Starting Level	Main Race Type	Type		Challenge Rating	Source Page
Dog (Riding)	OUTPUTNAME:[NAME] Dog	STARTFEATS:1	SIZE:M	MOVE:Walk,40	FACE:5	REACH:5	VISION:Low-light Vision				BONUS:COMBAT|AC|1|TYPE=NaturalArmor.REPLACE	BONUS:SKILL|Acrobatics (Jump)|4|TYPE=Racial	BONUS:STAT|STR,DEX,CON|4	BONUS:STAT|INT|-8	BONUS:STAT|WIS|2	BONUS:STAT|CHA|-4	BONUS:WEAPONPROF=Bite|DAMAGE|max(0,(STR/2))	ABILITY:Special Ability|AUTOMATIC|Trip		LEGS:4	NATURALATTACKS:Bite,Weapon.Natural.Melee.Finesseable.Bludgeoning.Piercing.Slashing,*1,1d6	MONSTERCLASS:Animal:2				RACETYPE:Animal	TYPE:Animal	CR:1/2		SOURCEPAGE:p.87
Dolphin						STARTFEATS:1	SIZE:M	MOVE:Swim,80	FACE:5	REACH:5	VISION:Blindsight (120')|Low-light Vision	BONUS:COMBAT|AC|1|TYPE=NaturalArmor.REPLACE	BONUS:SKILL|Perception|4|TYPE=Racial		BONUS:STAT|STR,CON,WIS|2	BONUS:STAT|DEX|4	BONUS:STAT|INT|-8	BONUS:STAT|CHA|-4	BONUS:WEAPONPROF=Slam|DAMAGE|max(0,(STR/2))	ABILITY:Special Ability|AUTOMATIC|Hold Breath	LEGS:0	NATURALATTACKS:Slam,Weapon.Natural.Melee.Finesseable.Bludgeoning,*1,1d4				MONSTERCLASS:Animal:2				RACETYPE:Animal	TYPE:Animal	CR:1/2		SOURCEPAGE:p.88

###Block: E
# Race Name			Output Name					Starting Feats	Size		Move				Face/Space	Reach		Vision						Automatic Languages	Combat bonus						Bonus to skill					Stat bonus												Modify VAR									Weapon prof. bonus					Class Skill							Automatically Gained Feat				Ability													Nb Legs	Natural Attacks																							Monster Class Name and Starting Level	Main Race Type	Race Subtype					Type			Template			Challenge Rating	Source Page
Eagle										STARTFEATS:1	SIZE:S	MOVE:Walk,10,Fly,80	FACE:5	REACH:5	VISION:Low-light Vision								BONUS:COMBAT|AC|1|TYPE=NaturalArmor.REPLACE	BONUS:SKILL|Perception|8|TYPE=Racial	BONUS:STAT|DEX,WIS|4	BONUS:STAT|CON|2	BONUS:STAT|INT|-8	BONUS:STAT|CHA|-4	BONUS:VAR|Maneuverability|3																														ABILITY:Special Ability|AUTOMATIC|Flight Maneuverability					LEGS:2	NATURALATTACKS:Talons,Weapon.Natural.Melee.Finesseable.Slashing,*2,1d4|Bite,Weapon.Natural.Melee.Finesseable.Bludgeoning.Piercing.Slashing,*1,1d4	MONSTERCLASS:Animal:1				RACETYPE:Animal								TYPE:Animal						CR:1/2		SOURCEPAGE:p.118
Elemental (Air Small)	OUTPUTNAME:Air Elemental, Small	STARTFEATS:1	SIZE:S	MOVE:Fly,100		FACE:5	REACH:5	VISION:Darkvision (60')				LANGAUTO:Auran		BONUS:COMBAT|AC|3|TYPE=NaturalArmor.REPLACE								BONUS:STAT|STR,CON|2	BONUS:STAT|DEX|6	BONUS:STAT|INT|-6				BONUS:VAR|Maneuverability|5	BONUS:VAR|WhirlwindHeight|20	BONUS:WEAPONPROF=Slam|DAMAGE|max(0,(STR/2))	CSKILL:Acrobatics|Escape Artist			AUTO:FEAT|Improved Initiative|Weapon Finesse	ABILITY:Special Ability|AUTOMATIC|Flight Maneuverability|Air Mastery|Whirlwind	LEGS:0	NATURALATTACKS:Slam,Weapon.Natural.Melee.Finesseable.Bludgeoning,*1,1d4														MONSTERCLASS:Outsider (Fort/Ref):2		RACETYPE:Outsider	RACESUBTYPE:Air|Elemental|Extraplanar	TYPE:Outsider	TEMPLATE:Elemental	CR:1			SOURCEPAGE:p.120
Elemental (Earth Small)	OUTPUTNAME:Earth Elemental, Small	STARTFEATS:1	SIZE:S	MOVE:Walk,20,Burrow,20	FACE:5	REACH:5	VISION:Darkvision (60')|Tremorsense (60')	LANGAUTO:Terran		BONUS:COMBAT|AC|7|TYPE=NaturalArmor.REPLACE								BONUS:STAT|STR|6	BONUS:STAT|DEX|-2	BONUS:STAT|CON|2	BONUS:STAT|INT|-6												BONUS:WEAPONPROF=Slam|DAMAGE|max(0,(STR/2))	CSKILL:Appraise|Climb|Knowledge (Dungeoneering)	AUTO:FEAT|Improved Bull Rush				ABILITY:Special Ability|AUTOMATIC|Earth Glide|Earth Mastery					LEGS:2	NATURALATTACKS:Slam,Weapon.Natural.Melee.Finesseable.Bludgeoning,*1,1d6														MONSTERCLASS:Outsider (Fort/Will):2		RACETYPE:Outsider	RACESUBTYPE:Earth|Elemental|Extraplanar	TYPE:Outsider	TEMPLATE:Elemental	CR:1			SOURCEPAGE:p.122

###Block: F
# Race Name		Output Name				Starting Feats	Size		Move				Face/Space	Reach		Vision			Bonus to skill																					Stat bonus											Modify VAR					Weapon prof. bonus					Ability							Nb Legs	Natural Attacks														Monster Class Name and Starting Level	Main Race Type	Type		Challenge Rating	Source Page
Frog (Poison)	OUTPUTNAME:Poisonous Frog	STARTFEATS:1	SIZE:T	MOVE:Walk,10,Swim,20	FACE:2.5	REACH:0	VISION:Low-light Vision	BONUS:SKILL|Acrobatics,Stealth|4|TYPE=Racial	BONUS:SKILL|Swim|DEX-STR|TYPE=Racial	BONUS:SKILL|Acrobatics (Jump)|4|TYPE=Racial	BONUS:STAT|STR|-8	BONUS:STAT|DEX|2	BONUS:STAT|INT|-9	BONUS:STAT|WIS|-2	BONUS:VAR|UseConditionalJump|1	BONUS:WEAPONPROF=Bite|DAMAGE|max(0,(STR/2))	ABILITY:Special Ability|AUTOMATIC|Poison ~ Frog	LEGS:4	NATURALATTACKS:Bite,Weapon.Natural.Melee.Finesseable.Bludgeoning.Piercing.Slashing.Poison,*1,1	MONSTERCLASS:Animal:1				RACETYPE:Animal	TYPE:Animal	CR:1/3		SOURCEPAGE:p.135
