# CVS $Revision$ $Author$ -- Tue Nov 10 22:18:52 2009 -- reformated by prettylst.pl v1.39 (build 10232)
SOURCELONG:Pathfinder Roleplaying Game Bestiary	SOURCESHORT:PFB	SOURCEWEB:http://paizo.com/store/byCompany/p/paizoPublishingLLC/pathfinder/pathfinderRPG/v5748btpy85k5	SOURCEDATE:2009-09

###Block: Unicorn Abilities
# Ability Name				Unique Key						Category of Ability		Type							Description																			Modify VAR					Source Page
+2 deflection to AC vs. evil		KEY:Unicorn Deflection				CATEGORY:Special Ability	TYPE:SpecialQuality.ModifyAC																													SOURCEPAGE:p.269
+2 resistance to saves vs. evil	KEY:Unicorn Resistance				CATEGORY:Special Ability	TYPE:SpecialQuality																														SOURCEPAGE:p.269
Magic Circle against Evil		KEY:Magic Circle against Evil ~ Unicorn	CATEGORY:Special Ability	TYPE:SpecialQuality.Supernatural.Aura	DESC:This ability continually duplicates the effect of the spell. The unicorn cannot suppress this ability.									SOURCEPAGE:p.269
Magical Strike				KEY:Magical Strike ~ Unicorn			CATEGORY:Special Ability	TYPE:SpecialQuality.Extraordinary		DESC:A unicorn's gore attack is treated as a magic good weapon for the purposes of damage reduction.										SOURCEPAGE:p.269
Wild Empathy				KEY:Wild Empathy ~ Unicorn			CATEGORY:Special Ability	TYPE:SpecialQuality.Supernatural		DESC:This works like the druid's wild empathy class feature, except the unicorn has a +6 racial bonus on the check.	BONUS:VAR|WildEmpathy|6|TYPE=Racial	SOURCEPAGE:p.269
