# CVS $Revision$ $Author$ -- Sat Aug  8 23:02:14 2009 -- reformated by prettylst.pl v1.39 (build 9548)
SOURCELONG:Pathfinder Roleplaying Game Bestiary	SOURCESHORT:PFB	SOURCEWEB:http://paizo.com/store/byCompany/p/paizoPublishingLLC/pathfinder/pathfinderRPG/v5748btpy85k5	SOURCEDATE:2009-09
# Original Entry by: Stefan Radermacher

###Block: General Feats
# Feat Name															Type				Prerequisite																											Multiple?			Stacks?				Source Page										Description
Ability Focus														TYPE:General		PREABILITY:1,CATEGORY=Special Ability,TYPE.SpecialAttack				MULT:YES				STACK:NO			SOURCEPAGE:p.314					DESC:+2 to the DC for all saving throws against one special attack on which the creature focuses.
Awesome Blow														TYPE:General.Combat	PRESIZEGTEQ:L	PRESTAT:1,STR=25		PREFEAT:2,Power Attack,Improved Bull Rush			VISIBLE:YES	SOURCEPAGE:p.314			DESC:As a standard action, the creature may perform an awesome blow combat maneuver. If the maneuver succeeds against a corporeal opponent smaller than itself, its opponent is knocked flying 10 feet in a direction of the attacking creature's choice and falls prone. The attacking creature can only push the opponent in a straight line, and the opponent can’t move closer to the attacking creature than the square it started in. If an obstacle prevents the completion of the opponent's move, the opponent and the obstacle each take 1d6 points of damage, and the opponent is knocked prone in the space adjacent to the obstacle.
Craft Construct														TYPE:ItemCreation	PRECLASS:1,SPELLCASTER=5	PREFEAT:2,Craft Magic Arms and Armor,Craft Wondrous Item		VISIBLE:YES		SOURCEPAGE:p.314		DESC:You can create any construct whose prerequisites you meet. The act of animating a construct takes one day for each 1,000 gp in its market price. To create a construct, you must use up raw materials costing half of its base price, plus the full cost of the basic body created for the construct. Each construct has a special section that summarizes its costs and other prerequisites. A newly created construct has average hit points for its Hit Dice.
Empower Spell Like Ability	OUTPUTNAME:Empower Spell-Like Ability	TYPE:General		PRETEXT:Spell-like ability at caster level 6th or higher.			MULT:YES				STACK:NO			SOURCEPAGE:p.314					CHOOSE:SPELLS|SPELLBOOK=Innate							DESC:See text
Flyby Attack														TYPE:General		PREMOVE:1,Fly=1																																																		SOURCEPAGE:p.315					DESC:When flying you can take a move action and another standard action at any point during the move. The creature cannot take a second move action during a round when it makes a flyby attack.
Hover																TYPE:General		PREMOVE:1,Fly=1																																																		SOURCEPAGE:p.315					DESC:You can halt your movement while flying, allowing you to hover without needing to make a Fly skill check.		DESC:Hovering within 20 feet of the ground in an area with lots of loose debris creates a hemispherical cloud with a radius of 60 feet. The winds generated can snuff torches, small campfires, exposed lanterns, and other small, open flames of non-magical origin. Clear vision within the cloud is limited to 10 feet. Creatures have concealment at 15 to 20 feet (20%% miss chance). At 25 feet or more, creatures have total concealment (50%% miss chance, and opponents cannot use sight to locate the creature).|PRESIZEGTEQ:L
Improved Natural Armor												TYPE:General		PRESTAT:1,CON=13	PREVARGTEQ:BONUS.COMBAT.AC.NaturalArmor,1	MULT:YES		STACK:YES		SOURCEPAGE:p.315					CHOOSE:NOCHOICE				BONUS:COMBAT|AC|1|TYPE=NaturalArmor.REPLACE		DESC:Your hide is tougher than most.
Improved Natural Attack												TYPE:General		PREATT:4	PREWEAPONPROF:1,TYPE.Natural																				MULT:YES															SOURCEPAGE:p.315					CHOOSE:WEAPONPROFS|TYPE.Natural					BONUS:WEAPONPROF=%LIST|DAMAGESIZE|1		DESC:Attacks made by one natural weapon leaves vicious wounds.
Multiattack															TYPE:General.Combat	PREWEAPONPROF:3,TYPE.Natural																																														SOURCEPAGE:p.315					BONUS:COMBAT|TOHIT-SECONDARY|3												DESC:This creature is particularly skilled at making attacks with its natural weapons.
Multiweapon Fighting												TYPE:General.Combat	PREHANDSGTEQ:3	PRESTAT:1,DEX=13																																													SOURCEPAGE:p.315					BONUS:COMBAT|TOHIT-PRIMARY|2	BONUS:COMBAT|TOHIT-SECONDARY|6					DESC:You are skilled at making attacks with multiple weapons.
Quicken Spell Like Ability	OUTPUTNAME:Quicken Spell-Like Ability	TYPE:General		PRETEXT:Spell-like ability at caster level 10th or higher.		MULT:YES				STACK:NO			SOURCEPAGE:p.315					CHOOSE:SPELLS|SPELLBOOK=Innate				DESC:See text.
Snatch																TYPE:General		PRESIZEGTEQ:H																																																		SOURCEPAGE:p.316					DESC:See text.
Wingover															TYPE:General		PREMOVE:1,Fly=1																																																		SOURCEPAGE:p.316					DESC:Once each round, when flying, you can turn up to 180 degrees as a free action without making a Fly skill check. This free turn does not consume any additional movement from the creature.

