# CVS $Revision$ $Author$ -- Sun Oct 25 14:50:40 2009 -- reformated by prettylst.pl v1.39 (build 10232)
SOURCELONG:Pathfinder Roleplaying Game Bestiary	SOURCESHORT:PFB	SOURCEWEB:http://paizo.com/store/byCompany/p/paizoPublishingLLC/pathfinder/pathfinderRPG/v5748btpy85k5	SOURCEDATE:2009-09

###Block: M
# Race Name		Output Name				Starting Feats	Size		Move					Face/Space	Reach		Vision						Automatic Languages	Bonus Languages								Bonus to Ability Pool			Combat bonus						Bonus to skill													Stat bonus																	Modify VAR									Weapon prof. bonus										Class Skill											Automatically Gained Weapon Prof.		Ability																										Nb Legs	Nb Hands	Natural Attacks																																		Damage Reduction	Monster Class Name and Starting Level	Main Race Type			Race Subtype			Type				Challenge Rating	Source Page		Innate Spells																						BONUS|SKILL|Climb|16|TYPE=Racial	MONSTERCLASS (Ref/Will)
Manticore							STARTFEATS:1	SIZE:L	MOVE:Walk,30,Fly,50		FACE:10	REACH:5	VISION:Low-light|Darkvision (60')		LANGAUTO:Common																		BONUS:COMBAT|AC|6|TYPE=NaturalArmor.REPLACE	BONUS:SKILL|Perception,Survival (Follow or identify tracks)|4|TYPE=Racial			BONUS:STAT|STR|10	BONUS:STAT|DEX|5	BONUS:STAT|CON|8	BONUS:STAT|INT|-4	BONUS:STAT|WIS|1	BONUS:STAT|CHA|-2	BONUS:VAR|Maneuverability|1						BONUS:WEAPONPROF=Spikes|DAMAGE|2	BONUS:WEAPONPROF=Spikes|CRITRANGEADD|1	CSKILL:Fly|Perception|Survival														ABILITY:Special Ability|AUTOMATIC|Spikes|Scent|Flight Maneuverability|Track															LEGS:4	HANDS:6	NATURALATTACKS:Claw,Weapon.Natural.Melee.Finesseable.Piercing.Slashing,*2,2d4|Bite,Weapon.Natural.Melee.Finesseable.Bludgeoning.Piercing.Slashing,*1,1d8	NATURALATTACKS:Spikes,Weapon.Natural.Ranged.Piercing,*4,1d6				MONSTERCLASS:Magical Beast:6			RACETYPE:Magical Beast							TYPE:Magical Beast	CR:5			SOURCEPAGE:p.199
Mantis (Giant)	OUTPUTNAME:Mantis, [NAME]	STARTFEATS:1	SIZE:L	MOVE:Walk,30,Climb,30,Fly,40	FACE:10	REACH:10	VISION:Darkvision (60')																								BONUS:COMBAT|AC|5|TYPE=NaturalArmor.REPLACE	BONUS:SKILL|Perception,Stealth|4|TYPE=Racial								BONUS:STAT|STR|6	BONUS:STAT|DEX|3	BONUS:STAT|CON|6	BONUS:STAT|WIS|4	BONUS:STAT|CHA|1				BONUS:VAR|Maneuverability|2						BONUS:WEAPONPROF=Bite|TOHIT|5									CSKILL:Climb|Fly|Perception|Stealth														ABILITY:Special Ability|AUTOMATIC|Lunge|Mandibles|Sudden Strike|Flight Maneuverability													LEGS:4	HANDS:2	NATURALATTACKS:Claw,Weapon.Natural.Melee.Finesseable.Piercing.Slashing,*2,1d6|Bite,Weapon.Natural.Melee.Finesseable.Bludgeoning.Piercing.Slashing,*1,1d6														MONSTERCLASS:Vermin:4				RACETYPE:Vermin								TYPE:Vermin			CR:3			SOURCEPAGE:p.200
# Bonus to weapon proficientcy (BONUS:WEAPONPROF) for bite needs actual value added
Medusa							STARTFEATS:1	SIZE:M	MOVE:Walk,30			FACE:5	REACH:5	VISION:All-Round Vision|Darkvision (60')	LANGAUTO:Common																		BONUS:COMBAT|AC|3|TYPE=NaturalArmor.REPLACE	BONUS:SKILL|Perception|4|TYPE=Racial									BONUS:STAT|STR|0	BONUS:STAT|DEX|5	BONUS:STAT|CON|8	BONUS:STAT|INT|1	BONUS:STAT|WIS|2	BONUS:STAT|CHA|4																								CSKILL:Bluff|Disguise|Intimidate|Perception|Stealth				AUTO:WEAPONPROF|Dagger|Longbow		ABILITY:Special Ability|AUTOMATIC|All-Around Vision|Petrifying Gaze|Poison ~ Medusa														LEGS:2	HANDS:2	NATURALATTACKS:Bite,Weapon.Natural.Melee.Finesseable.Bludgeoning.Piercing.Slashing,*1,1d4																									MONSTERCLASS:Monstrous Humanoid:8		RACETYPE:Monstrous Humanoid						TYPE:Monstrous Humanoid	CR:7			SOURCEPAGE:p.201
Mephit (Air)	OUTPUTNAME:Mephit, [NAME]	STARTFEATS:1	SIZE:S	MOVE:Walk,30,Fly,60		FACE:5	REACH:5	VISION:Darkvision (60')				LANGAUTO:Common,Auran																	BONUS:COMBAT|AC|3|TYPE=NaturalArmor.REPLACE																BONUS:STAT|STR|3	BONUS:STAT|DEX|5	BONUS:STAT|CON|2	BONUS:STAT|INT|5	BONUS:STAT|WIS|0	BONUS:STAT|CHA|3	BONUS:VAR|Maneuverability|5																			CSKILL:Bluff|Fly|Perception|Stealth														ABILITY:Special Ability|AUTOMATIC|Breath Weapon ~ Air|Fast Healing ~ Air Mephit|Summon Mephit												LEGS:2	HANDS:2	NATURALATTACKS:Claw,Weapon.Natural.Melee.Finesseable.Piercing.Slashing,*2,1d3																								DR:5/Magic		MONSTERCLASS:Outsider (Ref/Will):3		RACETYPE:Outsider			RACESUBTYPE:Air			TYPE:Outsider		CR:3			SOURCEPAGE:p.202	SPELLS:Air Mephit|TIMES=1|TIMEUNIT=Hour|CASTERLEVEL=6|Blur,12+INT	SPELLS:Air Mephit|TIMES=1|CASTERLEVEL=6|Gust of Wind,12+INT
Mephit (Dust)	OUTPUTNAME:Mephit, [NAME]	STARTFEATS:1	SIZE:S	MOVE:Walk,30,Fly,50		FACE:5	REACH:5	VISION:Darkvision (60')				LANGAUTO:Common,Auran																	BONUS:COMBAT|AC|3|TYPE=NaturalArmor.REPLACE																BONUS:STAT|STR|3	BONUS:STAT|DEX|5	BONUS:STAT|CON|2	BONUS:STAT|INT|5	BONUS:STAT|WIS|0	BONUS:STAT|CHA|3	BONUS:VAR|Maneuverability|5																			CSKILL:Bluff|Fly|Perception|Stealth														ABILITY:Special Ability|AUTOMATIC|Breath Weapon ~ Dust|Fast Healing ~ Dust Mephit|Summon Mephit												LEGS:2	HANDS:2	NATURALATTACKS:Claw,Weapon.Natural.Melee.Finesseable.Piercing.Slashing,*2,1d3																								DR:5/Magic		MONSTERCLASS:Outsider (Ref/Will):3		RACETYPE:Outsider			RACESUBTYPE:Air			TYPE:Outsider		CR:3			SOURCEPAGE:p.202	SPELLS:Dust Mephit|TIMES=1|TIMEUNIT=Hour|CASTERLEVEL=6|Blur,12+INT	SPELLS:Dust Mephit|TIMES=1|CASTERLEVEL=6|Wind Wall,12+INT
Mephit (Earth)	OUTPUTNAME:Mephit, [NAME]	STARTFEATS:1	SIZE:S	MOVE:Walk,30,Fly,40		FACE:5	REACH:5	VISION:Darkvision (60')				LANGAUTO:Common,Terran																	BONUS:COMBAT|AC|3|TYPE=NaturalArmor.REPLACE																BONUS:STAT|STR|3	BONUS:STAT|DEX|5	BONUS:STAT|CON|2	BONUS:STAT|INT|5	BONUS:STAT|WIS|0	BONUS:STAT|CHA|3	BONUS:VAR|Maneuverability|3																			CSKILL:Bluff|Fly|Perception|Stealth														ABILITY:Special Ability|AUTOMATIC|Breath Weapon ~ Earth|Fast Healing ~ Earth Mephit|Summon Mephit|Change Size ~ Earth Mephit							LEGS:2	HANDS:2	NATURALATTACKS:Claw,Weapon.Natural.Melee.Finesseable.Piercing.Slashing,*2,1d3																								DR:5/Magic		MONSTERCLASS:Outsider (Ref/Will):3		RACETYPE:Outsider			RACESUBTYPE:Earth			TYPE:Outsider		CR:3			SOURCEPAGE:p.202	SPELLS:Earth Mephit|TIMES=1|TIMEUNIT=Hour|CASTERLEVEL=6|Soften Earth and Stone,12+INT
Mephit (Fire)	OUTPUTNAME:Mephit, [NAME]	STARTFEATS:1	SIZE:S	MOVE:Walk,30,Fly,40		FACE:5	REACH:5	VISION:Darkvision (60')				LANGAUTO:Common,Ignan																	BONUS:COMBAT|AC|3|TYPE=NaturalArmor.REPLACE																BONUS:STAT|STR|3	BONUS:STAT|DEX|5	BONUS:STAT|CON|2	BONUS:STAT|INT|5	BONUS:STAT|WIS|0	BONUS:STAT|CHA|3	BONUS:VAR|Maneuverability|3																			CSKILL:Bluff|Fly|Perception|Stealth														ABILITY:Special Ability|AUTOMATIC|Breath Weapon ~ Fire|Fast Healing ~ Fire Mephit|Summon Mephit|Immunity to Fire|Vulnerability to Cold					LEGS:2	HANDS:2	NATURALATTACKS:Claw,Weapon.Natural.Melee.Finesseable.Piercing.Slashing,*2,1d3																								DR:5/Magic		MONSTERCLASS:Outsider (Ref/Will):3		RACETYPE:Outsider			RACESUBTYPE:Fire			TYPE:Outsider		CR:3			SOURCEPAGE:p.202	SPELLS:Fire Mephit|TIMES=1|TIMEUNIT=Hour|CASTERLEVEL=6|Scorching Ray,12+INT	SPELLS:Fire Mephit|TIMES=1|CASTERLEVEL=6|Heat Metal,12+INT
Mephit (Ice)	OUTPUTNAME:Mephit, [NAME]	STARTFEATS:1	SIZE:S	MOVE:Walk,30,Fly,40		FACE:5	REACH:5	VISION:Darkvision (60')				LANGAUTO:Common,Auran																	BONUS:COMBAT|AC|3|TYPE=NaturalArmor.REPLACE																BONUS:STAT|STR|3	BONUS:STAT|DEX|5	BONUS:STAT|CON|2	BONUS:STAT|INT|5	BONUS:STAT|WIS|0	BONUS:STAT|CHA|3	BONUS:VAR|Maneuverability|3																			CSKILL:Bluff|Fly|Perception|Stealth														ABILITY:Special Ability|AUTOMATIC|Breath Weapon ~ Ice|Fast Healing ~ Ice Mephit|Summon Mephit|Immunity to Cold|Vulnerability to Fire					LEGS:2	HANDS:2	NATURALATTACKS:Claw,Weapon.Natural.Melee.Finesseable.Piercing.Slashing,*2,1d3																								DR:5/Magic		MONSTERCLASS:Outsider (Ref/Will):3		RACETYPE:Outsider			RACESUBTYPE:Cold			TYPE:Outsider		CR:3			SOURCEPAGE:p.202	SPELLS:Ice Mephit|TIMES=1|TIMEUNIT=Hour|CASTERLEVEL=6|Magic Missile,12+INT	SPELLS:Ice Mephit|TIMES=1|CASTERLEVEL=6|Chill Metal,12+INT
Mephit (Magma)	OUTPUTNAME:Mephit, [NAME]	STARTFEATS:1	SIZE:S	MOVE:Walk,30,Fly,40		FACE:5	REACH:5	VISION:Darkvision (60')				LANGAUTO:Common,Ignan																	BONUS:COMBAT|AC|3|TYPE=NaturalArmor.REPLACE																BONUS:STAT|STR|3	BONUS:STAT|DEX|5	BONUS:STAT|CON|2	BONUS:STAT|INT|5	BONUS:STAT|WIS|0	BONUS:STAT|CHA|3	BONUS:VAR|Maneuverability|3																			CSKILL:Bluff|Fly|Perception|Stealth														ABILITY:Special Ability|AUTOMATIC|Breath Weapon ~ Fire|Fast Healing ~ Magma Mephit|Summon Mephit|Magma Form ~ Magma Mephit|Immunity to Fire|Vulnerability to Cold	LEGS:2	HANDS:2	NATURALATTACKS:Claw,Weapon.Natural.Melee.Finesseable.Piercing.Slashing,*2,1d3																								DR:5/Magic									RACETYPE:Outsider			RACESUBTYPE:Fire			TYPE:Outsider		CR:3			SOURCEPAGE:p.202	SPELLS:Magma Mephit|TIMES=1|CASTERLEVEL=6|Pyrotechnics,12+INT																				MONSTERCLASS (Ref/Will):Outsider:3
Mephit (Ooze)	OUTPUTNAME:Mephit, [NAME]	STARTFEATS:1	SIZE:S	MOVE:Walk,30,Fly,40,Swim,30	FACE:5	REACH:5	VISION:Darkvision (60')				LANGAUTO:Common,Aquan																	BONUS:COMBAT|AC|3|TYPE=NaturalArmor.REPLACE																BONUS:STAT|STR|3	BONUS:STAT|DEX|5	BONUS:STAT|CON|2	BONUS:STAT|INT|5	BONUS:STAT|WIS|0	BONUS:STAT|CHA|3	BONUS:VAR|Maneuverability|3																			CSKILL:Bluff|Fly|Perception|Stealth														ABILITY:Special Ability|AUTOMATIC|Breath Weapon ~ Ooze|Fast Healing ~ Ooze Mephit|Summon Mephit												LEGS:2	HANDS:2	NATURALATTACKS:Claw,Weapon.Natural.Melee.Finesseable.Piercing.Slashing,*2,1d3																								DR:5/Magic		MONSTERCLASS:Outsider (Ref/Will):3		RACETYPE:Outsider			RACESUBTYPE:Water			TYPE:Outsider		CR:3			SOURCEPAGE:p.202	SPELLS:Ooze Mephit|TIMES=1|TIMEUNIT=Hour|CASTERLEVEL=6|Acid Arrow,12+INT	SPELLS:Air Mephit|TIMES=1|CASTERLEVEL=6|Stinking Cloud,12+INT
Mephit (Salt)	OUTPUTNAME:Mephit, [NAME]	STARTFEATS:1	SIZE:S	MOVE:Walk,30,Fly,40		FACE:5	REACH:5	VISION:Darkvision (60')				LANGAUTO:Common,Terran																	BONUS:COMBAT|AC|3|TYPE=NaturalArmor.REPLACE																BONUS:STAT|STR|3	BONUS:STAT|DEX|5	BONUS:STAT|CON|2	BONUS:STAT|INT|5	BONUS:STAT|WIS|0	BONUS:STAT|CHA|3	BONUS:VAR|Maneuverability|3																			CSKILL:Bluff|Fly|Perception|Stealth														ABILITY:Special Ability|AUTOMATIC|Breath Weapon ~ Salt|Fast Healing ~ Salt Mephit|Summon Mephit|Dehydrate ~ Salt Mephit								LEGS:2	HANDS:2	NATURALATTACKS:Claw,Weapon.Natural.Melee.Finesseable.Piercing.Slashing,*2,1d3																								DR:5/Magic		MONSTERCLASS:Outsider (Ref/Will):3		RACETYPE:Outsider			RACESUBTYPE:Earth			TYPE:Outsider		CR:3			SOURCEPAGE:p.202	SPELLS:Salt Mephit|TIMES=1|TIMEUNIT=Hour|CASTERLEVEL=6|Glitterdust,12+INT
Mephit (Steam)	OUTPUTNAME:Mephit, [NAME]	STARTFEATS:1	SIZE:S	MOVE:Walk,30,Fly,40		FACE:5	REACH:5	VISION:Darkvision (60')				LANGAUTO:Common,Ignan																	BONUS:COMBAT|AC|3|TYPE=NaturalArmor.REPLACE																BONUS:STAT|STR|3	BONUS:STAT|DEX|5	BONUS:STAT|CON|2	BONUS:STAT|INT|5	BONUS:STAT|WIS|0	BONUS:STAT|CHA|3	BONUS:VAR|Maneuverability|3																			CSKILL:Bluff|Fly|Perception|Stealth														ABILITY:Special Ability|AUTOMATIC|Breath Weapon ~ Steam|Fast Healing ~ Steam Mephit|Summon Mephit|Boiling Rain ~ Steam Mephit							LEGS:2	HANDS:2	NATURALATTACKS:Claw,Weapon.Natural.Melee.Finesseable.Piercing.Slashing,*2,1d3																								DR:5/Magic		MONSTERCLASS:Outsider (Ref/Will):3		RACETYPE:Outsider			RACESUBTYPE:Fire			TYPE:Outsider		CR:3			SOURCEPAGE:p.202	SPELLS:Steam Mephit|TIMES=1|TIMEUNIT=Hour|CASTERLEVEL=6|Blur,12+INT
Mephit (Water)	OUTPUTNAME:Mephit, [NAME]	STARTFEATS:1	SIZE:S	MOVE:Walk,30,Fly,40,Swim,30	FACE:5	REACH:5	VISION:Darkvision (60')				LANGAUTO:Common,Aquan																	BONUS:COMBAT|AC|3|TYPE=NaturalArmor.REPLACE																BONUS:STAT|STR|3	BONUS:STAT|DEX|5	BONUS:STAT|CON|2	BONUS:STAT|INT|5	BONUS:STAT|WIS|0	BONUS:STAT|CHA|3	BONUS:VAR|Maneuverability|3																			CSKILL:Bluff|Fly|Perception|Stealth														ABILITY:Special Ability|AUTOMATIC|Breath Weapon ~ Water|Fast Healing ~ Water Mephit|Summon Mephit											LEGS:2	HANDS:2	NATURALATTACKS:Claw,Weapon.Natural.Melee.Finesseable.Piercing.Slashing,*2,1d3																								DR:5/Magic		MONSTERCLASS:Outsider (Ref/Will):3		RACETYPE:Outsider			RACESUBTYPE:Water			TYPE:Outsider		CR:3			SOURCEPAGE:p.202	SPELLS:Water Mephit|TIMES=1|TIMEUNIT=Hour|CASTERLEVEL=6|Acid Arrow,12+INT	SPELLS:Air Mephit|TIMES=1|CASTERLEVEL=6|Stinking Cloud,12+INT
Merfolk							STARTFEATS:1	SIZE:M	MOVE:Walk,5,Swim,50		FACE:5	REACH:5	VISION:Low-light					LANGAUTO:Aquan,Common	LANGBONUS:Aboleth,Aklo,Draconic,Elven,Sahuagin,Sylvan.	BONUS:ABILITYPOOL|Ability Bonus|1	BONUS:COMBAT|AC|2|TYPE=NaturalArmor.REPLACE																BONUS:STAT|DEX,CON,CHA|2																																					CSKILL:Perception|Swim									AUTO:WEAPONPROF|Trident|Crossbow (Heavy)	ABILITY:Special Ability|AUTOMATIC|Amphibious																				LEGS:0	HANDS:2																																															RACETYPE:Humanoid			RACESUBTYPE:Merfolk|Aquatic	TYPE:Humanoid		CR:1/3		SOURCEPAGE:p.204
Mimic								STARTFEATS:1	SIZE:M	MOVE:Walk,10			FACE:5	REACH:5	VISION:Darkvision (60')				LANGAUTO:Common																		BONUS:COMBAT|AC|5|TYPE=NaturalArmor.REPLACE	BONUS:SKILL|Disguise (When mimicking objects)|20|TYPE=Racial					BONUS:STAT|STR|9	BONUS:STAT|DEX|2	BONUS:STAT|CON|7	BONUS:STAT|INT|-1	BONUS:STAT|WIS|2	BONUS:STAT|CHA|-1	BONUS:VAR|ConstrictDice|1	BONUS:VAR|ConstrictDieSize|8														CSKILL:Climb|Disguise|Knowledge (Dungeoneering)|Perception										ABILITY:Special Ability|AUTOMATIC|Immunity to Acid|Constrict|Adhesive|Mimic Object														LEGS:0	HANDS:0	NATURALATTACKS:Slam,Weapon,Natural,Melee,Finesseable,Bludgeoning,*1,1d8																												MONSTERCLASS:Aberration:7			RACETYPE:Aberration		RACESUBTYPE:Shapechanger	TYPE:Aberration		CR:4			SOURCEPAGE:p.205
Minotaur							STARTFEATS:1	SIZE:L	MOVE:Walk,30			FACE:10	REACH:10	VISION:Darkvision (60')				LANGAUTO:Giant																		BONUS:COMBAT|AC|5|TYPE=NaturalArmor.REPLACE	BONUS:SKILL|Perception,Survival|4|4|TYPE=Racial								BONUS:STAT|STR|9	BONUS:STAT|CON|5	BONUS:STAT|INT|-4	BONUS:STAT|CHA|-3																														CSKILL:Intimidate|Perception|Stealth|Survival					AUTO:WEAPONPROF|Greataxe|TYPE.Simple	ABILITY:Special Ability|AUTOMATIC|Powerful Charge|Natural Cunning																	LEGS:2	HANDS:2	NATURALATTACKS:Gore,Weapon.Natural.Melee.Finesseable.Piercing,*1,1d6																												MONSTERCLASS:Monstrous Humanoid:6		RACETYPE:Monstrous Humanoid						TYPE:Monstrous Humanoid	CR:4			SOURCEPAGE:p.206
Mite								STARTFEATS:1	SIZE:S	MOVE:Walk,20,Climb,20		FACE:5	REACH:5	VISION:Darkvision (120')|Low-light		LANGAUTO:Undercommon																									BONUS:SKILL|Sleight of Hand,Stealth|4|TYPE=Racial							BONUS:STAT|STR|-3	BONUS:STAT|DEX|2	BONUS:STAT|INT,CHA|-2	BONUS:STAT|WIS|3						BONUS:VAR|VerminEmpathyLVL|CL																			CSKILL:Climb,Handle Animal,Perception,Ride,Sleight of Hand,Stealth	AUTO:WEAPONPROF|Dagger|Dart			ABILITY:Special ability|AUTOMATIC|Scent|Weakness ~ Light Sensitivity|Hatred ~ Mite|Vermin Empathy																																																			DR:2/Cold Iron	MONSTERCLASS:Fey:1				RACETYPE:Fey			RACESUBTYPE:Mite			TYPE:Fey			CR:1/4		SOURCEPAGE:p.207	SPELLS:Mite|TIMES=ATWILL|CASTERLEVEL=1|Prestidigitation	SPELLS:Mite|TIMES=1|TIMEUNIT=Day|CASTERLEVEL=1|Doom,11+INT
Mohrg								STARTFEATS:1	SIZE:M	MOVE:Walk,30			FACE:5	REACH:5	VISION:Darkvision (60')																								BONUS:COMBAT|AC|8|TYPE=NaturalArmor.REPLACE																BONUS:STAT|STR|10	BONUS:STAT|DEX|8	BONUS:STAT|INT|1	BONUS:STAT|CHA|4																														CSKILL:Climb|Perception|Stealth|Swim													ABILITY:Special Ability|AUTOMATIC|Improved Grab|Paralysis ~ Mohrg|Create Spawn ~ Mohrg													LEGS:2	HANDS:2	NATURALATTACKS:Slam,Weapon.Natural.Melee.Finesseable.Bludgeoning,*2,2d8	NATURALATTACKS:Tongue,Weapon.Natural.Melee.Finesseable.Touch.Paralysis,*1,1d0															MONSTERCLASS:Undead:14				RACETYPE:Undead								TYPE:Undead			CR:8			SOURCEPAGE:p.208
Morlock							STARTFEATS:1	SIZE:M	MOVE:Walk,40,Climb,30		FACE:5	REACH:5	VISION:Darkvision (120')			LANGAUTO:Undercommon																	BONUS:COMBAT|AC|1|TYPE=NaturalArmor.REPLACE	BONUS:SKILL|Stealth (In caverns)|4|TYPE=Racial	BONUS:SKILL|Acrobatics|8|TYPE=Racial	BONUS:STAT|STR|3	BONUS:STAT|DEX|8	BONUS:STAT|CON|4	BONUS:STAT|INT|-5	BONUS:STAT|WIS|4	BONUS:STAT|CHA|-4																																																																																																																																																																				BONUS|SKILL|Climb|16|TYPE=Racial:
#Mummy											STARTFEATS:1	SIZE:M		MOVE:Walk,20			FACE:5	REACH:5	VISION:Darkvision (60')					LANGAUTO:Common							BONUS:COMBAT|AC|10|TYPE=NaturalArmor.REPLACE									BONUS:STAT|STR|14	BONUS:STAT|INT|-4	BONUS:STAT|WIS,CHA|4																			BONUS:WEAPONPROF=Slam|DAMAGE|max(0,(STR/2))							MONCSKILL:Hide|Listen|Move Silently|Spot											AUTO:WEAPONPROF|TYPE.Simple						ABILITY:Special Ability|AUTOMATIC|Vulnerability To Fire|Despair|Mummy Rot											LEGS:2			NATURALATTACKS:Slam,Weapon.Natural.Melee.Finesseable.Bludgeoning.MummyRot,*1,1d6																							DR:5/-		MONSTERCLASS:Undead:8				RACETYPE:Undead									TYPE:Undead			TEMPLATE:Undead	HITDICEADVANCEMENT:16,24				CR:5			SOURCEPAGE:MonstersM-N.rtf


