# CVS $Revision$ $Author$ -- Sat Dec  5 00:27:03 2009 -- reformated by prettylst.pl v1.39 (build 10232)
SOURCELONG:Pathfinder Roleplaying Game Bestiary	SOURCESHORT:PFB	SOURCEWEB:http://paizo.com/store/byCompany/p/paizoPublishingLLC/pathfinder/pathfinderRPG/v5748btpy85k5	SOURCEDATE:2009-10

# Race Name	Starting Feats	Size		Move				Face/Space	Reach		Vision				Automatic Languages		Combat bonus						Stat bonus												Modify VAR										Weapon prof. bonus									Racial HD Class Skills								Automatically Gained Shield Prof.	Ability																									Nb Legs	Nb Hands	Natural Attacks																								Damage Reduction	Monster Class Name and Starting Level	Main Race Type	Template				Challenge Rating	Source Page
Xill		STARTFEATS:1	SIZE:M	MOVE:Walk,40		FACE:5	REACH:5						LANGAUTO:Common,Infernal	BONUS:COMBAT|AC|5|TYPE=NaturalArmor.REPLACE	BONUS:STAT|STR|6	BONUS:STAT|DEX|8	BONUS:STAT|CON,INT|4	BONUS:STAT|WIS|2												BONUS:WEAPONPROF=Bite|TOHIT|5	BONUS:WEAPONPROF=Bite|DAMAGE|ceil(STR/2)	MONCSKILL:Acrobatics|Intimidate|Knowledge (Arcana)			AUTO:SHIELDPROF|SHIELDTYPE=Shield	ABILITY:Special Ability|AUTOMATIC|Grab|Implant ~ Xill|Multiweapon Mastery ~ Xill|Planewalk ~ Xill|Paralysis ~ Xill							LEGS:2	HANDS:4	NATURALATTACKS:Claw,Weapon.Natural.Melee.Finesseable.Piercing.Slashing,*4,1d4|Bite,Weapon.Natural.Melee.Finesseable.Bludgeoning.Piercing.Paralysis,*1,1d3				MONSTERCLASS:Outsider (Fort/Ref):9		RACETYPE:Outsider	TEMPLATE:Evil|Extraplanar	CR:6			SOURCEPAGE:p.283
Xorn		STARTFEATS:1	SIZE:M	MOVE:Walk,20,Burrow,20	FACE:5	REACH:5	VISION:Tremorsense (60')						BONUS:COMBAT|AC|11|TYPE=NaturalArmor.REPLACE	BONUS:STAT|STR,CON|6										BONUS:VAR|ElectricityResistanceBonus|10	BONUS:VAR|CMD_Trip|2	BONUS:WEAPONPROF=Claw|TOHIT|5	BONUS:WEAPONPROF=Claw|DAMAGE|ceil(STR/2)	MONCSKILL:Appraise|Intimidate|Knowledge (Dungeoneering)|Survival							ABILITY:Special Ability|AUTOMATIC|Immunity to Cold|Immunity to Fire|Immunity to Flanking|Resistance to Electricity|All-Around Vision|Earth Glide ~ Xorn	LEGS:3	HANDS:3	NATURALATTACKS:Bite,Weapon.Natural.Melee.Finesseable.Bludgeoning.Piercing,*1,4d6|Claw,Weapon.Natural.Melee.Finesseable.Piercing.Slashing,*3,1d4			DR:5/Bludgeoning	MONSTERCLASS:Outsider (Fort/Will):7		RACETYPE:Outsider	TEMPLATE:Earth|Extraplanar	CR:6			SOURCEPAGE:p.284


#
# End
#
