# CVS $Revision$ $Author$ -- Sat Aug  8 12:02:32 2009 -- reformated by prettylst.pl v1.39 (build 9548)
SOURCELONG:Pathfinder Roleplaying Game Bestiary	SOURCESHORT:PFB	SOURCEWEB:http://paizo.com/store/byCompany/p/paizoPublishingLLC/pathfinder/pathfinderRPG/v5748btpy85k5	SOURCEDATE:2009-09

###Block: PQR
# Race Name			Output Name			Starting Feats	Size		Move					Face/Space	Reach		Vision			Automatic Languages				Combat bonus						Bonus to skill						Stat bonus															Modify VAR				Weapon prof. bonus					Class Skill									Ability												Nb Legs	Natural Attacks															Spell Res.	Damage Reduction	Monster Class Name and Starting Level	Main Race Type		Race Subtype				Type			Template		Challenge Rating	Source Page		Innate Spells
Rat (Dire)			OUTPUTNAME:[NAME] Rat	STARTFEATS:1	SIZE:S	MOVE:Walk,40,Climb,20,Swim,20	FACE:5	REACH:5	VISION:Low-light Vision																BONUS:SKILL|Climb,Swim|DEX-STR|TYPE=Racial	BONUS:STAT|DEX|6	BONUS:STAT|CON,WIS|2	BONUS:STAT|INT|-8	BONUS:STAT|CHA|-6									BONUS:WEAPONPROF=Bite|DAMAGE|max(0,(STR/2))											ABILITY:Special Ability|AUTOMATIC|Disease ~ Dire Rat|Scent				LEGS:4	NATURALATTACKS:Bite,Weapon.Natural.Melee.Finesseable.Bludgeoning.Piercing.Slashing.Disease,*1,1d4						MONSTERCLASS:Animal:1				RACETYPE:Animal								TYPE:Animal					CR:1/3		SOURCEPAGE:p.232
