# CVS $Revision$ $Author$ -- Wed Sep  9 20:13:35 2009 -- reformated by prettylst.pl v1.39 (build 10232)
SOURCELONG:Pathfinder Roleplaying Game Core Rulebook	SOURCESHORT:PFCR	SOURCEWEB:http://paizo.com/store/byCompany/p/paizoPublishingLLC/pathfinder/pathfinderRPG/v5748btpy8255	SOURCEDATE:2009-08
# Original RSRD Entry by: PCGen Data Team
# Original Entry by: Stefan Radermacher

###Block: Energy Resistances
# Ability Name			Category of Ability		Visible	Define					Ability
Resistance to Acid		CATEGORY:Special Ability	VISIBLE:NO	DEFINE:AcidResistanceBonus|0		ABILITY:Special Ability|VIRTUAL|Resistance to Acid ~ Output|!PREABILITY:1,CATEGORY=Special Ability,Immunity to Acid,Vulnerability to Acid
Resistance to Cold		CATEGORY:Special Ability	VISIBLE:NO	DEFINE:ColdResistanceBonus|0		ABILITY:Special Ability|VIRTUAL|Resistance to Cold ~ Output|!PREABILITY:1,CATEGORY=Special Ability,Immunity to Cold,Vulnerability to Cold
Resistance to Fire		CATEGORY:Special Ability	VISIBLE:NO	DEFINE:FireResistanceBonus|0		ABILITY:Special Ability|VIRTUAL|Resistance to Fire ~ Output|!PREABILITY:1,CATEGORY=Special Ability,Immunity to Fire,Vulnerability to Fire
Resistance to Electricity	CATEGORY:Special Ability	VISIBLE:NO	DEFINE:ElectricityResistanceBonus|0	ABILITY:Special Ability|VIRTUAL|Resistance to Electricity ~ Output|!PREABILITY:1,CATEGORY=Special Ability,Immunity to Electricity,Vulnerability to Electricity
Resistance to Sonic		CATEGORY:Special Ability	VISIBLE:NO	DEFINE:SonicResistanceBonus|0		ABILITY:Special Ability|VIRTUAL|Resistance to Sonic ~ Output|!PREABILITY:1,CATEGORY=Special Ability,Immunity to Sonic,Vulnerability to Sonic

###Block: Energy Resistances Output
# Ability Name				Output Name						Category of Ability		Type								Visible	Description																			Aspects
Resistance to Acid ~ Output		OUTPUTNAME:Resistance to Acid			CATEGORY:Special Ability	TYPE:SpecialQuality.Extraordinary.Resistance	VISIBLE:YES	DESC:You may ignore %1 points of Acid damage each time you take acid damage.|AcidResistanceBonus				ASPECT:Resistance|Acid	ASPECT:Ability Benefit|%1|AcidResistanceBonus
Resistance to Cold ~ Output		OUTPUTNAME:Resistance to Cold			CATEGORY:Special Ability	TYPE:SpecialQuality.Extraordinary.Resistance	VISIBLE:YES	DESC:You may ignore %1 points of Cold damage each time you take cold damage.|ColdResistanceBonus				ASPECT:Resistance|Cold	ASPECT:Ability Benefit|%1|ColdResistanceBonus
Resistance to Fire ~ Output		OUTPUTNAME:Resistance to Fire			CATEGORY:Special Ability	TYPE:SpecialQuality.Extraordinary.Resistance	VISIBLE:YES	DESC:You may ignore %1 points of Fire damage each time you take fire damage.|FireResistanceBonus				ASPECT:Resistance|Fire	ASPECT:Ability Benefit|%1|FireResistanceBonus
Resistance to Electricity ~ Output	OUTPUTNAME:Resistance to Electricity	CATEGORY:Special Ability	TYPE:SpecialQuality.Extraordinary.Resistance	VISIBLE:YES	DESC:You may ignore %1 points of Electricity damage each time you take electricity damage.|ElectricityResistanceBonus	ASPECT:Resistance|Electricity	ASPECT:Ability Benefit|%1|ElectricityResistanceBonus
Resistance to Sonic ~ Output		OUTPUTNAME:Resistance to Sonic		CATEGORY:Special Ability	TYPE:SpecialQuality.Extraordinary.Resistance	VISIBLE:YES	DESC:You may ignore %1 points of Sonic damage each time you take sonic damage.|SonicResistanceBonus				ASPECT:Resistance|Sonic	ASPECT:Ability Benefit|%1|SonicResistanceBonus

###Block: Energy Immunities
# Ability Name		Category of Ability		Type								Visible	Description						Aspects
Immunity to Acid		CATEGORY:Special Ability	TYPE:SpecialQuality.Extraordinary.Immunity	VISIBLE:YES	DESC:You never take acid damage.		ASPECT:Immunity|Acid
Immunity to Cold		CATEGORY:Special Ability	TYPE:SpecialQuality.Extraordinary.Immunity	VISIBLE:YES	DESC:You never take cold damage.		ASPECT:Immunity|Cold
Immunity to Fire		CATEGORY:Special Ability	TYPE:SpecialQuality.Extraordinary.Immunity	VISIBLE:YES	DESC:You never take fire damage.		ASPECT:Immunity|Fire
Immunity to Electricity	CATEGORY:Special Ability	TYPE:SpecialQuality.Extraordinary.Immunity	VISIBLE:YES	DESC:You never take electricity damage.	ASPECT:Immunity|Electricity
Immunity to Sonic		CATEGORY:Special Ability	TYPE:SpecialQuality.Extraordinary.Immunity	VISIBLE:YES	DESC:You never take sonic damage.		ASPECT:Immunity|Sonic

###Block: Other Immunities
# Ability Name			Category of Ability		Type								Visible	Description							Aspects
Immunity to Paralysis		CATEGORY:Special Ability	TYPE:SpecialQuality.Extraordinary.Immunity	VISIBLE:YES	DESC:You can never be paralyzed.			ASPECT:Immunity|Paralysis
Immunity to Petrification	CATEGORY:Special Ability	TYPE:SpecialQuality.Extraordinary.Immunity	VISIBLE:YES	DESC:You can never be petrified.			ASPECT:Immunity|Petrification
Immunity to Poison		CATEGORY:Special Ability	TYPE:SpecialQuality.Extraordinary.Immunity	VISIBLE:YES	DESC:You never take poison damage.			ASPECT:Immunity|Poison
Immunity to Sleep			CATEGORY:Special Ability	TYPE:SpecialQuality.Extraordinary.Immunity	VISIBLE:YES	DESC:You are never subject to sleep effects.	ASPECT:Immunity|Sleep

###Block: Misc abilities
# Ability Name		Category of Ability		Type								Visible	Define				Description																																	Source Page
Channel Resistance	CATEGORY:Special Ability	TYPE:SpecialQuality.Extraordinary.Resistance	VISIBLE:YES	DEFINE:ChannelResistance|0	DESC:You gain a +%1 bonus on Will saves made against channeled energy. You add your bonus to any Will save made to halve the damage and resis the effect.|ChannelResistance|PREVARGT:ChannelResistance,0	SOURCEPAGE:p.561

###Block: Flight Maneuverability
# Ability Name		Category of Ability		Visible	Define				Choose											Ability																																																																								Modify VAR							Class Skill	Temporary effect description
Flight Maneuverability	CATEGORY:Special Ability	VISIBLE:NO	DEFINE:Maneuverability|0	CHOOSE:NUMBER|MIN=-4|MAX=4|TITLE=Flight Maneuverability Adjustment	ABILITY:Special Ability|AUTOMATIC|Maneuverability (Clumsy)|PREVARLTEQ:Maneuverability,1	ABILITY:Special Ability|AUTOMATIC|Maneuverability (Poor)|PREVAREQ:Maneuverability,2	ABILITY:Special Ability|AUTOMATIC|Maneuverability (Average)|PREVAREQ:Maneuverability,3	ABILITY:Special Ability|AUTOMATIC|Maneuverability (Good)|PREVAREQ:Maneuverability,4	ABILITY:Special Ability|AUTOMATIC|Maneuverability (Perfect)|PREVARGTEQ:Maneuverability,5	BONUS:VAR|Maneuverability|%CHOICE|PREAPPLY:PC	CSKILL:Fly	TEMPDESC:Adjust Flight Maneuverability up or down by assigning a possitive or negative number

###Block: Maneuverability
# Ability Name			Category of Ability		Type				Visible	Bonus to skill		Aspects
Maneuverability (Perfect)	CATEGORY:Special Ability	TYPE:Maneuverability	VISIBLE:NO	BONUS:SKILL|Fly|8		ASPECT:Maneuverability|Perfect
Maneuverability (Good)		CATEGORY:Special Ability	TYPE:Maneuverability	VISIBLE:NO	BONUS:SKILL|Fly|4		ASPECT:Maneuverability|Good
Maneuverability (Average)	CATEGORY:Special Ability	TYPE:Maneuverability	VISIBLE:NO					ASPECT:Maneuverability|Average
Maneuverability (Poor)		CATEGORY:Special Ability	TYPE:Maneuverability	VISIBLE:NO	BONUS:SKILL|Fly|-4	ASPECT:Maneuverability|Poor
Maneuverability (Clumsy)	CATEGORY:Special Ability	TYPE:Maneuverability	VISIBLE:NO	BONUS:SKILL|Fly|-8	ASPECT:Maneuverability|Clumsy

###Block: Abilities
# Ability Name	Category of Ability		Type								Visible
Tongues		CATEGORY:Special Ability	TYPE:SpecialQuality.Supernatural.Communicate	VISIBLE:YES

###Block: Specials
# Ability Name	Category of Ability		Type				Visible	Define			Description																																																	Save checks bonus							Combat bonus				Bonus to HP					Bonus to skill																		Source Page
Negative Levels	CATEGORY:Special Ability	TYPE:SpecialQuality	VISIBLE:YES	DEFINE:NegLevels|0	DESC:%1 negative level (-%1 effective level and loses access to %1 spell from the highest spell level castable)|NegLevels|PREVARLTEQ:NegLevels,1	DESC:%1 negative levels (-%1 effective levels and loses access to %1 spells from the highest spell level castable)|NegLevels|PREVARGT:NegLevels,1	BONUS:CHECKS|Fortitude,Reflex,Will|-1*(NegLevels)	BONUS:COMBAT|TOHIT|-1*(NegLevels)	BONUS:HP|CURRENTMAX|-5*(NegLevels)	BONUS:SKILL|TYPE=Strength,TYPE=Dexterity,TYPE=Constitution,TYPE=Intelligence,TYPE=Wisdom,TYPE=Charisma|-1*(NegLevels)	SOURCEPAGE:p.562

