# CVS $Revision$ $Author$ -- Wed Sep  9 20:13:35 2009 -- reformated by prettylst.pl v1.39 (build 10232)
SOURCELONG:Pathfinder Roleplaying Game Core Rulebook	SOURCESHORT:PFCR	SOURCEWEB:http://paizo.com/store/byCompany/p/paizoPublishingLLC/pathfinder/pathfinderRPG/v5748btpy8255	SOURCEDATE:2009-08
# Original Entry by: Andrew Maitland

# Class Name	Hit Dice	Type				Abbreviation	Max Level	Source Page		Visible	Save checks bonus											Combat bonus
CLASS:Companion	HD:8		TYPE:Monster.Companion	ABB:AC		MAXLEVEL:20	SOURCEPAGE:p.52	VISIBLE:NO	BONUS:CHECKS|BASE.Fortitude,BASE.Reflex|CL/2+2	BONUS:CHECKS|BASE.Will|CL/3	BONUS:COMBAT|BAB|CL*3/4|TYPE=Base.REPLACE
# Class Name	Skill Pts/Lvl	Class Skill
CLASS:Companion	STARTSKILLPTS:1	CSKILL:Acrobatics|Climb|Escape Artist|Fly|Intimidate|Perception|Stealth|Survival|Swim
###Block: Level Advancement
1	BONUS:SKILLPOINTS|NUMBER|-3|PRELEVELMAX:1	ABILITY:Special Ability|AUTOMATIC|Animal Tricks and Training	ABILITY:FEAT|AUTOMATIC|CMB Output

###Block: Familiars are 'animals'. Using Companion Stuff

# Class Name	Hit Dice	Type			Max Level		Source Page		Ability					Save checks bonus											Combat bonus
CLASS:Animal	HD:8		TYPE:Monster	MAXLEVEL:NOLIMIT	SOURCEPAGE:p.306	ABILITY:FEAT|AUTOMATIC|CMB Output	BONUS:CHECKS|BASE.Fortitude,BASE.Reflex|CL/2+2	BONUS:CHECKS|BASE.Will|CL/3	BONUS:COMBAT|BAB|CL*3/4|TYPE=Base.REPLACE
# Class Name	Reg. Race Type
CLASS:Animal	PRERACETYPE:Animal
# Class Name	Skill Pts/Lvl	Add INT to Skill Points?	Class Skill
CLASS:Animal	STARTSKILLPTS:2	MODTOSKILLS:YES			CSKILL:Acrobatics|Climb|Fly|Perception|Stealth|Swim
1	ABILITY:FEAT|AUTOMATIC|CMB Output

#EOF
