# CVS $Revision$ $Author$ -- Sat Jul 11 22:44:20 2009 -- reformated by prettylst.pl v1.39 (build 9548)
SOURCELONG:Pathfinder Roleplaying Game Core Rulebook	SOURCESHORT:PFCR	SOURCEWEB:http://paizo.com/store/byCompany/p/paizoPublishingLLC/pathfinder/pathfinderRPG/v5748btpy8255	SOURCEDATE:2009-08
# Original Entry by: Stefan Radermacher
###TODO: Source Page Numbers

# Class Name		Hit Dice	Type			Abbreviation	Max Level	Source Page		Save checks bonus													Combat bonus
CLASS:Mystic Theurge	HD:6		TYPE:PC.Prestige	ABB:Myt		MAXLEVEL:10	SOURCEPAGE:p.387	BONUS:CHECKS|BASE.Will|(CL+1)/2	BONUS:CHECKS|BASE.Fortitude,BASE.Reflex|(CL+1)/3	BONUS:COMBAT|BAB|CL/2|TYPE=Base.REPLACE
# Class Name		Required Skill								Req. Spell Type
CLASS:Mystic Theurge	PRESKILL:2,Knowledge (Arcana)=3,Knowledge (Religion)=3	PRESPELLTYPE:1,Arcane=2	PRESPELLTYPE:1,Divine=2
# Class Name		Skill Pts/Lvl	Class Skill
CLASS:Mystic Theurge	STARTSKILLPTS:2	CSKILL:Knowledge (Arcana)|Knowledge (Religion)|Sense Motive|Spellcraft
###Block: Level Progression
1	ADD:SPELLCASTER|Arcane	ADD:SPELLCASTER|Divine	ABILITY:Special Ability|AUTOMATIC|Combined Spells
2	ADD:SPELLCASTER|Arcane	ADD:SPELLCASTER|Divine
3	ADD:SPELLCASTER|Arcane	ADD:SPELLCASTER|Divine
4	ADD:SPELLCASTER|Arcane	ADD:SPELLCASTER|Divine
5	ADD:SPELLCASTER|Arcane	ADD:SPELLCASTER|Divine
6	ADD:SPELLCASTER|Arcane	ADD:SPELLCASTER|Divine
7	ADD:SPELLCASTER|Arcane	ADD:SPELLCASTER|Divine
8	ADD:SPELLCASTER|Arcane	ADD:SPELLCASTER|Divine
9	ADD:SPELLCASTER|Arcane	ADD:SPELLCASTER|Divine
10	ADD:SPELLCASTER|Arcane	ADD:SPELLCASTER|Divine	ABILITY:Special Ability|AUTOMATIC|Spell Synthesis

###BLOCK: REVIEW -------------------------------------------

# Class Name		Hit Dice	Type			Abbreviation	Max Level	Source Page					Save checks bonus											Combat bonus
CLASS:Arcane Archer	HD:10		TYPE:PC.Prestige	ABB:Arc		MAXLEVEL:10	SOURCEPAGE:p.	BONUS:CHECKS|BASE.Will|(CL+1)/3	BONUS:CHECKS|BASE.Fortitude,BASE.Reflex|(CL-1)/2+1	BONUS:COMBAT|BAB|CL|TYPE=Base.REPLACE
# Class Name		Req. Att.	Required Feat															Required Race		Req. Spell Type
CLASS:Arcane Archer	PREATT:6	PREFEAT:2,Point Blank Shot,Precise Shot	PREFEAT:1,Weapon Focus (Longbow),Weapon Focus (Shortbow)	PRERACE:1,Elf%,Half-Elf	PRESPELLTYPE:1,Arcane=1
# Class Name		Skill Pts/Lvl	Class Skill
CLASS:Arcane Archer	STARTSKILLPTS:4	CSKILL:Perception|Ride|Stealth|Survival
1	ABILITY:Special Ability|AUTOMATIC|All Martial Weapon Proficiencies	AUTO:FEAT|Simple Weapon Proficiency|Martial Weapon Proficiency
1													AUTO:FEAT|Armor Proficiency (Light)|Armor Proficiency (Medium)
1													AUTO:FEAT|Shield Proficiency
###Block: Normal Level Progression
1	BONUS:VAR|ArrowEnhancementLVL|CL						ABILITY:Special Ability|AUTOMATIC|Enhance Arrow
2												ABILITY:Special Ability|AUTOMATIC|Imbue Arrow
4	BONUS:VAR|SeekerArrowTimes|1							ABILITY:Special Ability|AUTOMATIC|Seeker Arrow
6	BONUS:VAR|PhaseArrowTimes|1							ABILITY:Special Ability|AUTOMATIC|Phase Arrow
8	BONUS:VAR|HailArrowsTargets|CL	BONUS:VAR|HailArrowsTimes|1	ABILITY:Special Ability|AUTOMATIC|Hail of Arrows
10												ABILITY:Special Ability|AUTOMATIC|Arrow of Death
###Block: Spell Improvement
2	ADD:SPELLCASTER|Arcane
3	ADD:SPELLCASTER|Arcane
4	ADD:SPELLCASTER|Arcane
6	ADD:SPELLCASTER|Arcane
7	ADD:SPELLCASTER|Arcane
8	ADD:SPELLCASTER|Arcane
10	ADD:SPELLCASTER|Arcane

###Block: Arcane Trickster (Complete) ------------------------------------------------------------------------------------------------------------------------------------------------
# Class Name		Hit Dice	Type			Abbreviation	Max Level	Source Page					Save checks bonus											Combat bonus
CLASS:Arcane Trickster	HD:6		TYPE:PC.Prestige	ABB:Art		MAXLEVEL:10	SOURCEPAGE:p.	BONUS:CHECKS|BASE.Fortitude|(CL+1)/3	BONUS:CHECKS|BASE.Reflex,BASE.Will|(CL-1)/2+1	BONUS:COMBAT|BAB|CL/2|TYPE=Base.REPLACE
# Class Name		Required AL				Required Skill												Req. Known Spell		Req. Spell Type		Var. Min. Value
CLASS:Arcane Trickster	PREALIGN:NG,TN,NE,CG,CN,CE	PRESKILL:4,Disable Device=4,Escape Artist=4,Knowledge (Arcana)=4	PRESPELL:1,Mage Hand	PRESPELLTYPE:1,Arcane=3	PREVARGTEQ:SneakAttack,2
# Class Name		Skill Pts/Lvl	Class Skill
CLASS:Arcane Trickster	STARTSKILLPTS:4	CSKILL:Acrobatics|Appraise|Bluff|Climb|Diplomacy|Disable Device|Disguise|Escape Artist|TYPE.Knowledge|Perception|Sense Motive|Sleight of Hand|Spellcraft|Stealth|Swim
1	BONUS:VAR|RangedLegermain|(CL+3)/4	ADD:SPELLCASTER|ANY	ABILITY:Special Ability|AUTOMATIC|Ranged Legerdemain
2	BONUS:VAR|SneakAttack|CL/2		ADD:SPELLCASTER|ANY	ABILITY:Special Ability|AUTOMATIC|Sneak Attack
3	BONUS:VAR|ImpromptuSneak|(CL+1)/4	ADD:SPELLCASTER|ANY	ABILITY:Special Ability|AUTOMATIC|Impromptu Sneak Attack
4							ADD:SPELLCASTER|ANY
5	BONUS:VAR|TrickySpells|3		ADD:SPELLCASTER|ANY	ABILITY:Special Ability|AUTOMATIC|Tricky Spells
6							ADD:SPELLCASTER|ANY
7	BONUS:VAR|TrickySpells|1		ADD:SPELLCASTER|ANY
8							ADD:SPELLCASTER|ANY
9	BONUS:VAR|TrickySpells|1		ADD:SPELLCASTER|ANY	ABILITY:Special Ability|AUTOMATIC|Invisible Thief
10							ADD:SPELLCASTER|ANY	ABILITY:Special Ability|AUTOMATIC|Surprise Spells


###Block: Assassin (Complete - review) --------------------------------------------------------------------------------------------------------------------------------------------
# Class Name	Hit Dice	Type			Abbreviation	Max Level	Source Page					Save checks bonus												Combat bonus
CLASS:Assassin	HD:8		TYPE:PC.Prestige	ABB:Asn		MAXLEVEL:10	SOURCEPAGE:p.	BONUS:CHECKS|BASE.Reflex|(CL-1)/2+1	BONUS:CHECKS|BASE.Fortitude,BASE.Will|(CL+1)/3	BONUS:COMBAT|BAB|CL*3/4|TYPE=Base.REPLACE
# Class Name	Required AL		Required Skill
CLASS:Assassin	PREALIGN:LE,NE,CE	PRESKILL:2,Disguise=2,Stealth=5
# Class Name	Skill Pts/Lvl	Class Skill
CLASS:Assassin	STARTSKILLPTS:4	CSKILL:Acrobatics|Bluff|Climb|Diplomacy|Disable Device|Disguise|Escape Artist|Intimidate|Linguistics|Perception|Sense Motive|Sleight of Hand|Stealth|Swim|Use Magic Device
# Class Name	Spell Stat		Spell Type		Memorize	Caster level
CLASS:Assassin	SPELLSTAT:INT	SPELLTYPE:Arcane	MEMORIZE:NO	BONUS:CASTERLEVEL|Assassin|CL
1	ABILITY:Special Ability|AUTOMATIC|Assassin Weapon Proficiencies
1												AUTO:FEAT|Armor Proficiency (Light)
###Block: Normal Level Progression
1			BONUS:VAR|DeathAttack|CL	BONUS:VAR|UncannyDodgeFlankingLevel|CL|TYPE=EachClass.REPLACE	BONUS:VAR|SneakAttack|(CL+1)/2	ABILITY:Special Ability|AUTOMATIC|Sneak Attack|Death Attack|Poison Use
2			BONUS:VAR|AssassinPoisonSave|CL/2	BONUS:VAR|UncannyDodgeLevel|1												ABILITY:Special Ability|AUTOMATIC|Save against Poisons|Uncanny Dodge ~ Base
3
4																									ABILITY:Special Ability|AUTOMATIC|Hidden Weapons|True Death
5		BONUS:VAR|UncannyDodgeLevel|1
6																								ABILITY:Special Ability|AUTOMATIC|Quiet Death
7
8																								ABILITY:Special Ability|AUTOMATIC|Hide in Plain Sight (Assassin)
9																								ABILITY:Special Ability|AUTOMATIC|Swift Death
10																								ABILITY:Special Ability|AUTOMATIC|Angel of Death


###Block: Dragon Disciple (Partially Complete... Need review of Breath Weapon stuff, interacts with Bloodline powers) ------------------------------------------------------------------------
# Class Name		Hit Dice	Type			Abbreviation	Max Level	Base class as subclass?	Source Page					Save checks bonus											Combat bonus
CLASS:Dragon Disciple	HD:12		TYPE:PC.Prestige	ABB:DrD		MAXLEVEL:10	ALLOWBASECLASS:NO		SOURCEPAGE:p.	BONUS:CHECKS|BASE.Fortitude,BASE.Will|(CL-1)/2+1	BONUS:CHECKS|BASE.Reflex|(CL+1)/3	BONUS:COMBAT|BAB|CL*3/4|TYPE=Base.REPLACE
# Class Name		Required Language		Prohibited Race		Required Skill				Required Casting Type							Prohibited Template
CLASS:Dragon Disciple	PRELANG:1,Draconic	!PRERACE:1,TYPE=Dragon	PRESKILL:1,Knowledge (Arcana)=5	PRESPELLCAST:MEMORIZE=NO	PRESPELLCAST:TYPE.Arcane	!PRETEMPLATE:1,Half Dragon
# Class Name		Skill Pts/Lvl	Class Skill
CLASS:Dragon Disciple	STARTSKILLPTS:2	CSKILL:Diplomacy|Escape Artist|Fly|TYPE.Knowledge|Perception|Spellcraft
###Block: All this is scattered ATM, need serious review for interdependency with the Draconic Blood Line or just the regular sorcerer bloodline choice.
###
1	ABILITY:Special Ability|AUTOMATIC|Blood of Dragons ~ DD|Natural Armor Increase ~ DD	BONUS:VAR|BloodlineLVL|CL	DEFINE:BloodlineLVL|0
#
###Block: Armor Increase -
#COMMENT:Need to have it stack with Natural Armor, but only if the PC has Natural Armor
1	BONUS:COMBAT|AC|var("DragonDiscipleArmorBonus")|TYPE=NaturalArmor.REPLACE
4		BONUS:VAR|DragonDiscipleArmorBonus|1
7		BONUS:VAR|DragonDiscipleArmorBonus|1
#Vision
5	VISION:Blindsense (30')
10	VISION:Low-light|Darkvision (60')	BONUS:VISION|Blindsense|30
#Not sure what the breath weapon damage is or what regulates it... leaving as is for now...
2	BONUS:STAT|STR|2
3	BONUS:VAR|BreathWeaponDice|2			ABILITY:Special Ability|AUTOMATIC|Breath Weapon ~ DD
4	BONUS:STAT|STR|2
6	BONUS:STAT|CON|2
7	BONUS:VAR|BreathWeaponDice|2	ABILITY:Special Ability|AUTOMATIC|Dragon Form ~ DD
8	BONUS:STAT|INT|2
9	ABILITY:Special Ability|AUTOMATIC|Dragon Wings ~ DD
10	BONUS:STAT|STR|4	BONUS:STAT|CHA|2	BONUS:VAR|BreathWeaponDice|2							ABILITY:Special Ability|AUTOMATIC|Immunity To Sleep|Immunity To Paralysis
2	BONUS:ABILITYPOOL|Draconic Bloodline Feat|(CL-1)/3
###Block: Arcane Casting Increase
2	ADD:SPELLCASTER|Arcane
3	ADD:SPELLCASTER|Arcane
4	ADD:SPELLCASTER|Arcane
6	ADD:SPELLCASTER|Arcane
7	ADD:SPELLCASTER|Arcane
8	ADD:SPELLCASTER|Arcane
10	ADD:SPELLCASTER|Arcane


###Block: Duelist (Complete - review) --------------------------------------------------------------------------------------------------------------------------------------------------------------------------------------------------
# Class Name	Hit Dice	Type			Abbreviation	Max Level	Source Page					Save checks bonus												Combat bonus
CLASS:Duelist	HD:10		TYPE:PC.Prestige	ABB:Dul		MAXLEVEL:10	SOURCEPAGE:p.	BONUS:CHECKS|BASE.Reflex|(CL-1)/2+1	BONUS:CHECKS|BASE.Fortitude,BASE.Will|(CL+1)/3	BONUS:COMBAT|BAB|CL|TYPE=Base.REPLACE
# Class Name	Req. Att.	Required Feat					Multiple Requirements
CLASS:Duelist	PREATT:6	PREFEAT:3,Dodge,Mobility,Weapon Finesse	PREMULT:2,[PRESKILL:1,TYPE.Perform=3],[PRESKILL:1,Acrobatics=2]
# Class Name	Skill Pts/Lvl	Class Skill
CLASS:Duelist	STARTSKILLPTS:4	CSKILL:Acrobatics|Bluff|Escape Artist|Perception|TYPE.Perform|Sense Motive
1	ABILITY:Special Ability|AUTOMATIC|All Martial Weapon Proficiencies	AUTO:FEAT|Simple Weapon Proficiency|Martial Weapon Proficiency
###Block: Normal Level Progression
1	BONUS:VAR|CannyDefenseLVL|CL				ABILITY:Special Ability|AUTOMATIC|Canny Defense|Precise Strike
2	BONUS:VAR|ImprovedReaction|floor((CL+4)/6)*2	ABILITY:Special Ability|AUTOMATIC|Improved Reaction|Parry
3									ABILITY:Special Ability|AUTOMATIC|Enhanced Mobility
4									ABILITY:Special Ability|AUTOMATIC|Combat Reflexes ~ Duelist|Grace
5	BONUS:VAR|PreciseStrike|CL/5				ABILITY:Special Ability|AUTOMATIC|Riposte
6									ABILITY:Special Ability|AUTOMATIC|Acrobatic Charge
7	BONUS:VAR|ElaborateParryLVL|CL			ABILITY:Special Ability|AUTOMATIC|Elaborate Defense
9									ABILITY:Special Ability|AUTOMATIC|No Retreat|Deflect Arrows ~ Duelist		VFEAT:Deflect Arrows|PREEQUIP:1,WIELDCATEGORY=Light,WIELDCATEGORY=OneHanded|PREEQUIP:1,TYPE=Piercing
10									ABILITY:Special Ability|AUTOMATIC|Crippling Critical

###Block: Eldritch Knight (In Progress)
# Class Name		Hit Dice	Type			Abbreviation	Max Level	Source Page					Save checks bonus											Combat bonus
CLASS:Eldritch Knight	HD:10		TYPE:PC.Prestige	ABB:Elk		MAXLEVEL:10	SOURCEPAGE:p.	BONUS:CHECKS|BASE.Fortitude|(CL-1)/2+1	BONUS:CHECKS|BASE.Reflex,BASE.Will|(CL+1)/3	BONUS:COMBAT|BAB|CL|TYPE=Base.REPLACE
# Class Name		Required Ability										Req. Spell Type
CLASS:Eldritch Knight	PREABILITY:1,CATEGORY=Special Ability,All Martial Weapon Proficiencies	PRESPELLTYPE:1,Arcane=3
# Class Name		Skill Pts/Lvl	Class Skill
CLASS:Eldritch Knight	STARTSKILLPTS:2	CSKILL:Climb|Knowledge (Arcana)|Knowledge (Nobility)|Linguistics|Ride|Sense Motive|Spellcraft|Swim
1	BONUS:ABILITYPOOL|Fighter Feat|1	BONUS:FighterLVL|CL
2							ADD:SPELLCASTER|Arcane
3							ADD:SPELLCASTER|Arcane
4							ADD:SPELLCASTER|Arcane
5							ADD:SPELLCASTER|Arcane
6							ADD:SPELLCASTER|Arcane
7							ADD:SPELLCASTER|Arcane
8							ADD:SPELLCASTER|Arcane
9							ADD:SPELLCASTER|Arcane
10							ADD:SPELLCASTER|Arcane



###################################################################################################
### INCOMPLETE SECTION - Have Not Reviewed or Changed Yet - Direct Port from RSRD SET		###
###################################################################################################

# Class Name	Hit Dice	Type			Abbreviation	Max Level	Source Page					Save checks bonus											Combat bonus
CLASS:Loremaster	HD:4		TYPE:PC.Prestige	ABB:Lor		MAXLEVEL:10	SOURCEPAGE:p.	BONUS:CHECKS|BASE.Will|(CL-1)/2+1	BONUS:CHECKS|BASE.Fortitude,BASE.Reflex|(CL+1)/3	BONUS:COMBAT|BAB|CL/2|TYPE=Base.REPLACE
# Class Name	Required Feat												Required Skill						Required Spell School
CLASS:Loremaster	PREFEAT:1,Skill Focus(Knowledge%)	PREFEAT:3,TYPE=Metamagic,TYPE=ItemCreation	PRESKILL:2,TYPE.Knowledge=10,TYPE.Knowledge=10	PRESPELLSCHOOL:1,Divination=3	PRESPELLSCHOOL:7,Divination=0
# Class Name	Skill Pts/Lvl	Class Skill
CLASS:Loremaster	STARTSKILLPTS:4	CSKILL:Appraise|Diplomacy|Handle Animal|Heal|TYPE.Knowledge|Linguistics|TYPE.Perform|Spellcraft|Use Magic Device
1	BONUS:ABILITYPOOL|Loremaster Secret|(CL+1)/2	BONUS:VAR|SecretLore|CL+INT	ADD:SPELLCASTER|ANY	DEFINE:SecretLore|0
2														ADD:SPELLCASTER|ANY						ABILITY:Special Ability|AUTOMATIC|Secret Lore
3														ADD:SPELLCASTER|ANY
4														ADD:SPELLCASTER|ANY	ADD:LANGUAGE|1|TYPE=Spoken
5														ADD:SPELLCASTER|ANY
6														ADD:SPELLCASTER|ANY						ABILITY:Special Ability|AUTOMATIC|Greater Lore
7														ADD:SPELLCASTER|ANY
8														ADD:SPELLCASTER|ANY	ADD:LANGUAGE|1|TYPE=Spoken
9														ADD:SPELLCASTER|ANY
10														ADD:SPELLCASTER|ANY						ABILITY:Special Ability|AUTOMATIC|True Lore

# Class Name		Hit Dice	Type			Abbreviation	Max Level	Source Page					Save checks bonus											Combat bonus
CLASS:Mystic Theurge	HD:4		TYPE:PC.Prestige	ABB:Myt		MAXLEVEL:10	SOURCEPAGE:p.	BONUS:CHECKS|BASE.Will|(CL-1)/2+1	BONUS:CHECKS|BASE.Reflex,BASE.Fortitude|(CL+1)/3	BONUS:COMBAT|BAB|CL/2|TYPE=Base.REPLACE
# Class Name		Required Skill								Req. Spell Type
CLASS:Mystic Theurge	PRESKILL:2,Knowledge (Arcana)=6,Knowledge (Religion)=6	PRESPELLTYPE:1,Arcane=2	PRESPELLTYPE:1,Divine=2
# Class Name		Skill Pts/Lvl	Class Skill
CLASS:Mystic Theurge	STARTSKILLPTS:2	CSKILL:Concentration|TYPE.Craft|Decipher Script|Knowledge (Arcana)|Knowledge (Religion)|TYPE.Profession|Sense Motive|Spellcraft
1	ADD:SPELLCASTER|Arcane	ADD:SPELLCASTER|Divine
2	ADD:SPELLCASTER|Arcane	ADD:SPELLCASTER|Divine
3	ADD:SPELLCASTER|Arcane	ADD:SPELLCASTER|Divine
4	ADD:SPELLCASTER|Arcane	ADD:SPELLCASTER|Divine
5	ADD:SPELLCASTER|Arcane	ADD:SPELLCASTER|Divine
6	ADD:SPELLCASTER|Arcane	ADD:SPELLCASTER|Divine
7	ADD:SPELLCASTER|Arcane	ADD:SPELLCASTER|Divine
8	ADD:SPELLCASTER|Arcane	ADD:SPELLCASTER|Divine
9	ADD:SPELLCASTER|Arcane	ADD:SPELLCASTER|Divine
10	ADD:SPELLCASTER|Arcane	ADD:SPELLCASTER|Divine


CLASS:Pathfinder Chronicler

# Class Name		Hit Dice	Type			Abbreviation	Max Level	Source Page					Save checks bonus												Combat bonus
CLASS:Shadowdancer	HD:8		TYPE:PC.Prestige	ABB:Shd		MAXLEVEL:10	SOURCEPAGE:p.	BONUS:CHECKS|BASE.Reflex|(CL-1)/2+1	BONUS:CHECKS|BASE.Fortitude,BASE.Will|(CL+1)/3	BONUS:COMBAT|BAB|CL*3/4|TYPE=Base.REPLACE
# Class Name		Required Feat					Required Skill
CLASS:Shadowdancer	PREFEAT:3,Combat Reflexes,Dodge,Mobility	PRESKILL:3,Hide=10,Move Silently=8,Perform (Dance)=5
# Class Name		Skill Pts/Lvl	Class Skill
CLASS:Shadowdancer	STARTSKILLPTS:6	CSKILL:Acrobatics|Bluff|Diplomacy|Disguise|Escape Artist|Perception|TYPE.Perform|Sleight of Hand|Stealth
1	ABILITY:Special Ability|AUTOMATIC|Shadowdancer Weapon Proficiencies
1													AUTO:FEAT|Armor Proficiency (Light)
###Block: Normal Level Progression
1																																																	ABILITY:Special Ability|AUTOMATIC|Hide in Plain Sight (Assassin)
2	VISION:Darkvision (60')	BONUS:VAR|UncannyDodgeFlankingLevel|CL|TYPE=EachClass.REPLACE	BONUS:VAR|UncannyDodgeLevel|(CL+1)/3	BONUS:VAR|EvasionUsable,ImprovedEvasionUsable|1|PREVAREQ:var("COUNT[EQTYPE.ARMOR.EQUIPPED.IS.MEDIUM]"),0,var("COUNT[EQTYPE.ARMOR.EQUIPPED.IS.HEAVY]"),0	ABILITY:Special Ability|AUTOMATIC|Evasion|Uncanny Dodge ~ Base
3					BONUS:VAR|ShadowIllusionLVL,ShadowCompanion|CL																																					ABILITY:Special Ability|AUTOMATIC|Summon Shadow
4					BONUS:VAR|ShadowJump|20																																									ABILITY:Special Ability|AUTOMATIC|Shadow Jump
5																																																	ABILITY:Special Ability|AUTOMATIC|Defensive Roll
6					BONUS:VAR|ShadowJump|20
7																																																	ABILITY:Special Ability|AUTOMATIC|Slippery Mind
8					BONUS:VAR|ShadowJump|40
10					BONUS:VAR|ShadowJump|80																																									ABILITY:Special Ability|AUTOMATIC|Improved Evasion

