# CVS $Revision$ $Author$ -- Mon Aug 24 11:26:32 2009 -- reformated by prettylst.pl v1.39 (build 10232)
SOURCELONG:Pathfinder Roleplaying Game Core Rulebook	SOURCESHORT:PFCR	SOURCEWEB:http://paizo.com/store/byCompany/p/paizoPublishingLLC/pathfinder/pathfinderRPG/v5748btpy8255	SOURCEDATE:2009-08
# Original RSRD Entry by: PCGen Data Team
# Pathfinder RPG Entry by: Stefan Radermacher

###Block:Rods
# Equipment Name				Required Weapon Proficiency		Type															Alternative Type				Cost		Weight	Base Item for EQMOD	Critical Hit Multiplier	Critical Hit Range	Alternative Critical	Alternative Critical Range	Damage	Alternative Damage	Modifier					Wield Category	Requires Modification?	Size		Source Page		Virtual Feat			Combat bonus					Stat bonus					Weapon prop. bonus					Special Property
Immovable Rod										TYPE:Magic.Rod																			COST:5000	WT:5		BASEITEM:Rod																																								SOURCEPAGE:p.484
Rod of Absorption										TYPE:Magic.Rod																			COST:50000	WT:5																																												SOURCEPAGE:p.485
Rod of Alertness				PROFICIENCY:WEAPON|Mace (Light)	TYPE:Weapon.Melee.Light.Finesseable.Simple.Standard.Bludgeoning.Mace.Hammer.Magic.Rod							COST:85000	WT:4						CRITMULT:x2			CRITRANGE:1												DAMAGE:1d6					EQMOD:STEEL.PLUS1W			WIELD:Light		MODS:NO			SIZE:M	SOURCEPAGE:p.486						BONUS:COMBAT|INITIATIVE|1|TYPE=Insight															SPROP:Enables the holder to use detect evil, detect good, detect chaos, detect law, detect magic, discern lies, light, or see invisibility as a standard action
Rod of Cancellation									TYPE:Magic.Rod																			COST:11000	WT:5		BASEITEM:Rod																																								SOURCEPAGE:p.486
Rod of Enemy Detection									TYPE:Magic.Rod																			COST:23500	WT:5		BASEITEM:Rod																									EQMOD:USES_PER_DAY_3|CHARGES[3]										SOURCEPAGE:p.486
Rod of Flailing				PROFICIENCY:WEAPON|Flail (Dire)	TYPE:Magic.Rod.Weapon.Exotic.Melee.Bludgeoning.Double.Flail						ALTTYPE:Weapon.Melee.Bludgeoning	COST:50000	WT:5		BASEITEM:Rod		CRITMULT:x2			CRITRANGE:1			ALTCRITMULT:x2		ALTCRITRANGE:1			DAMAGE:1d8	ALTDAMAGE:1d8								WIELD:OneHanded					SIZE:M	SOURCEPAGE:p.486	VFEAT:Two-Weapon Fighting														BONUS:WEAPON|DAMAGE,TOHIT|3|TYPE=Enhancement
Rod of Flame Extinguishing								TYPE:Magic.Rod																			COST:15000	WT:5																													EQMOD:USES_PER_DAY_10|CHARGES[10]										SOURCEPAGE:p.486
Rod of Lordly Might									TYPE:Magic.Rod																			COST:70000	WT:10																																												SOURCEPAGE:p.487
Rod of Metal and Mineral Detection							TYPE:Magic.Rod																			COST:10500	WT:5		BASEITEM:Rod																																								SOURCEPAGE:p.487
Rod of Negation										TYPE:Magic.Rod																			COST:37000	WT:5		BASEITEM:Rod																									EQMOD:USES_PER_DAY_3|CHARGES[3]										SOURCEPAGE:p.487
Rod of the Python				PROFICIENCY:WEAPON|Quarterstaff	TYPE:Magic.Rod.Weapon.Simple.Melee.Bludgeoning.Double.Quarterstaff				ALTTYPE:Weapon.Melee.Bludgeoning	COST:13000	WT:10		BASEITEM:Rod		CRITMULT:x2			CRITRANGE:1			ALTCRITMULT:x2		ALTCRITRANGE:1			DAMAGE:1d6	ALTDAMAGE:1d6								WIELD:TwoHanded					SIZE:M	SOURCEPAGE:p.488																			BONUS:WEAPON|DAMAGE,TOHIT|1|TYPE=Enhancement
Rod of Rulership										TYPE:Magic.Rod																			COST:60000	WT:8		BASEITEM:Rod																																								SOURCEPAGE:p.488
Rod of Security										TYPE:Magic.Rod																			COST:61000	WT:5																																												SOURCEPAGE:p.488
Rod of Splendor										TYPE:Magic.Rod																			COST:25000	WT:5																																												SOURCEPAGE:p.488													BONUS:STAT|CHA|4|TYPE=Enhancement
Rod of Thunder and Lightning		PROFICIENCY:WEAPON|Mace (Light)	TYPE:Weapon.Melee.Light.Finesseable.Simple.Standard.Bludgeoning.Mace.Hammer.Magic.Rod							COST:33000	WT:5						CRITMULT:x2			CRITRANGE:1												DAMAGE:1d6					EQMOD:STEEL.PLUS1W			WIELD:Light		MODS:NO			SIZE:M	SOURCEPAGE:p.489																			BONUS:WEAPON|DAMAGE,TOHIT|1|TYPE=Enhancement
Rod of the Viper				PROFICIENCY:WEAPON|Mace (Heavy)	TYPE:Magic.Rod.Weapon.Simple.Melee.Bludgeoning.Mace													COST:19000	WT:5		BASEITEM:Rod		CRITMULT:x2			CRITRANGE:1												DAMAGE:1d8																		SIZE:M	SOURCEPAGE:p.489																			BONUS:WEAPON|DAMAGE,TOHIT|2|TYPE=Enhancement
Rod of Withering				PROFICIENCY:WEAPON|Mace (Light)	TYPE:Magic.Rod.Weapon.Simple.Melee.Bludgeoning.Mace													COST:25000	WT:6		BASEITEM:Rod		CRITMULT:x2			CRITRANGE:1												DAMAGE:0d0											WIELD:Light						SIZE:M	SOURCEPAGE:p.489																			BONUS:WEAPON|TOHIT|1					SPROP:Deals 1d4 temporary STR and CON damage
Rod of Wonder										TYPE:Magic.Rod																			COST:12000	WT:5		BASEITEM:Rod																																								SOURCEPAGE:p.489

###Block:Metamagic Rods
# Equipment Name				Type			Cost		Weight	Base Item for EQMOD	Modifier					Source Page
Metamagic Rod of Empower (Lesser)	TYPE:Magic.Rod	COST:9000	WT:5		BASEITEM:Rod		EQMOD:USES_PER_DAY_3|CHARGES[3]	SOURCEPAGE:p.484
Metamagic Rod of Empower		TYPE:Magic.Rod	COST:32500	WT:5		BASEITEM:Rod		EQMOD:USES_PER_DAY_3|CHARGES[3]	SOURCEPAGE:p.484
Metamagic Rod of Empower (Greater)	TYPE:Magic.Rod	COST:73000	WT:5		BASEITEM:Rod		EQMOD:USES_PER_DAY_3|CHARGES[3]	SOURCEPAGE:p.484
Metamagic Rod of Enlarge (Lesser)	TYPE:Magic.Rod	COST:3000	WT:5		BASEITEM:Rod		EQMOD:USES_PER_DAY_3|CHARGES[3]	SOURCEPAGE:p.484
Metamagic Rod of Enlarge		TYPE:Magic.Rod	COST:11000	WT:5		BASEITEM:Rod		EQMOD:USES_PER_DAY_3|CHARGES[3]	SOURCEPAGE:p.484
Metamagic Rod of Enlarge (Greater)	TYPE:Magic.Rod	COST:24500	WT:5		BASEITEM:Rod		EQMOD:USES_PER_DAY_3|CHARGES[3]	SOURCEPAGE:p.484
Metamagic Rod of Extend (Lesser)	TYPE:Magic.Rod	COST:3000	WT:5		BASEITEM:Rod		EQMOD:USES_PER_DAY_3|CHARGES[3]	SOURCEPAGE:p.485
Metamagic Rod of Extend			TYPE:Magic.Rod	COST:11000	WT:5		BASEITEM:Rod		EQMOD:USES_PER_DAY_3|CHARGES[3]	SOURCEPAGE:p.485
Metamagic Rod of Extend (Greater)	TYPE:Magic.Rod	COST:24500	WT:5		BASEITEM:Rod		EQMOD:USES_PER_DAY_3|CHARGES[3]	SOURCEPAGE:p.485
Metamagic Rod of Maximize (Lesser)	TYPE:Magic.Rod	COST:14000	WT:5		BASEITEM:Rod		EQMOD:USES_PER_DAY_3|CHARGES[3]	SOURCEPAGE:p.485
Metamagic Rod of Maximize		TYPE:Magic.Rod	COST:54000	WT:5		BASEITEM:Rod		EQMOD:USES_PER_DAY_3|CHARGES[3]	SOURCEPAGE:p.485
Metamagic Rod of Maximize (Greater)	TYPE:Magic.Rod	COST:121500	WT:5		BASEITEM:Rod		EQMOD:USES_PER_DAY_3|CHARGES[3]	SOURCEPAGE:p.485
Metamagic Rod of Quicken (Lesser)	TYPE:Magic.Rod	COST:35000	WT:5		BASEITEM:Rod		EQMOD:USES_PER_DAY_3|CHARGES[3]	SOURCEPAGE:p.485
Metamagic Rod of Quicken		TYPE:Magic.Rod	COST:75500	WT:5		BASEITEM:Rod		EQMOD:USES_PER_DAY_3|CHARGES[3]	SOURCEPAGE:p.485
Metamagic Rod of Quicken (Greater)	TYPE:Magic.Rod	COST:170000	WT:5		BASEITEM:Rod		EQMOD:USES_PER_DAY_3|CHARGES[3]	SOURCEPAGE:p.485
Metamagic Rod of Silent (Lesser)	TYPE:Magic.Rod	COST:3000	WT:5		BASEITEM:Rod		EQMOD:USES_PER_DAY_3|CHARGES[3]	SOURCEPAGE:p.485
Metamagic Rod of Silent			TYPE:Magic.Rod	COST:11000	WT:5		BASEITEM:Rod		EQMOD:USES_PER_DAY_3|CHARGES[3]	SOURCEPAGE:p.485
Metamagic Rod of Silent (Greater)	TYPE:Magic.Rod	COST:24500	WT:5		BASEITEM:Rod		EQMOD:USES_PER_DAY_3|CHARGES[3]	SOURCEPAGE:p.485

