# CVS $Revision$ $Author$ -- Mon Aug 24 09:47:39 2009 -- reformated by prettylst.pl v1.38 (build 7302)
SOURCELONG:Pathfinder Roleplaying Game Core Rulebook	SOURCESHORT:PFCR	SOURCEWEB:http://paizo.com/store/byCompany/p/paizoPublishingLLC/pathfinder/pathfinderRPG/v5748btpy8255	SOURCEDATE:2009-08
# Original Entry by: Andrew Maitland

###Block: Companion Kits
STARTPACK:Companion ~ Ape	TYPE:Companion	VISIBLE:NO
STAT:STR=11|DEX=11|CON=10|INT=10|WIS=10|CHA=11

STARTPACK:Companion ~ Badger	TYPE:Companion	VISIBLE:NO
STAT:STR=10|DEX=11|CON=11|INT=10|WIS=10|CHA=10

STARTPACK:Companion ~ Bear	TYPE:Companion	VISIBLE:NO
STAT:STR=11|DEX=11|CON=11|INT=10|WIS=10|CHA=10

STARTPACK:Companion ~ Bird	TYPE:Companion	VISIBLE:NO
STAT:STR=10|DEX=11|CON=10|INT=10|WIS=10|CHA=10

STARTPACK:Companion ~ Boar	TYPE:Companion	VISIBLE:NO
STAT:STR=11|DEX=10|CON=11|INT=10|WIS=11|CHA=10

STARTPACK:Companion ~ Camel	TYPE:Companion	VISIBLE:NO
STAT:STR=10|DEX=10|CON=10|INT=10|WIS=11|CHA=10

STARTPACK:Companion ~ Big Cat	TYPE:Companion	VISIBLE:NO
STAT:STR=11|DEX=11|CON=11|INT=10|WIS=11|CHA=10

STARTPACK:Companion ~ Small Cat	TYPE:Companion	VISIBLE:NO
STAT:STR=10|DEX=11|CON=11|INT=10|WIS=10|CHA=10

STARTPACK:Companion ~ Crocodile	TYPE:Companion	VISIBLE:NO
STAT:STR=11|DEX=10|CON=11|INT=11|WIS=10|CHA=10

STARTPACK:Companion ~ Dinosaur	TYPE:Companion	VISIBLE:NO
STAT:STR=11|DEX=11|CON=11|INT=10|WIS=10|CHA=10

STARTPACK:Companion ~ Dog	TYPE:Companion	VISIBLE:NO
STAT:STR=11|DEX=11|CON=11|INT=10|WIS=10|CHA=10

STARTPACK:Companion ~ Horse	TYPE:Companion	VISIBLE:NO
STAT:STR=10|DEX=11|CON=11|INT=10|WIS=10|CHA=10

STARTPACK:Companion ~ Pony	TYPE:Companion	VISIBLE:NO
STAT:STR=11|DEX=11|CON=10|INT=10|WIS=11|CHA=10

STARTPACK:Companion ~ Shark	TYPE:Companion	VISIBLE:NO
STAT:STR=11|DEX=11|CON=11|INT=11|WIS=10|CHA=10

STARTPACK:Companion ~ Snake	TYPE:Companion	VISIBLE:NO
STAT:STR=10|DEX=11|CON=11|INT=11|WIS=10|CHA=10

STARTPACK:Companion ~ Wolf	TYPE:Companion	VISIBLE:NO
STAT:STR=11|DEX=11|CON=11|INT=10|WIS=10|CHA=10


###Block: Familiars --------------------------------------------------------------
STARTPACK:Familiar ~ Bat	TYPE:Companion	VISIBLE:NO
RACE:Familiar (Bat)	!PRERACE:1,%

#SKILL:Move Silently	RANK:4
#FEAT:Alertness
STAT:DEX=11|STR=10|CON=10|INT=10|WIS=10|CHA=10

STARTPACK:Familiar ~ Cat	TYPE:Companion	VISIBLE:NO
RACE:Familiar (Cat)	!PRERACE:1,%
STAT:STR=11|DEX=11|CHA=11|CON=10|INT=10|WIS=10
#SKILL:Listen	RANK:2
#SKILL:Spot		RANK:2
#FEAT:Weapon Finesse

STARTPACK:Familiar ~ Hawk	TYPE:Companion	VISIBLE:NO
RACE:Familiar (Hawk)	!PRERACE:1,%

#SKILL:Spot	RANK:4
#FEAT:Weapon Finesse
STAT:DEX=11|STR=10|CON=10|INT=10|WIS=10|CHA=10

STARTPACK:Familiar ~ Lizard	TYPE:Companion	VISIBLE:NO
RACE:Familiar (Lizard)	!PRERACE:1,%

#SKILL:Listen	RANK:2
#SKILL:Spot		RANK:2
#FEAT:Weapon Finesse
STAT:STR=11|DEX=11|CON=10|INT=10|WIS=10|CHA=10

###TODO Check Stat Defaults
STARTPACK:Familiar ~ Monkey	TYPE:Companion	VISIBLE:NO
RACE:Familiar (Monkey)	!PRERACE:1,%

#SKILL:Listen	RANK:2
#SKILL:Spot		RANK:2
#FEAT:Weapon Finesse
STAT:DEX=11|STR=10|CON=10|INT=10|WIS=10|CHA=10


STARTPACK:Familiar ~ Owl	TYPE:Companion	VISIBLE:NO
RACE:Familiar (Owl)	!PRERACE:1,%

#SKILL:Listen	RANK:2
#SKILL:Spot		RANK:2
#FEAT:Weapon Finesse
STAT:DEX=11|STR=10|CON=10|INT=10|WIS=10|CHA=10

STARTPACK:Familiar ~ Rat	TYPE:Companion	VISIBLE:NO
RACE:Familiar (Rat)	!PRERACE:1,%

#SKILL:Move Silently	RANK:2
#SKILL:Climb			RANK:2
#SKILL:Move Silently	RANK:2	FREE:YES
#FEAT:Weapon Finesse
STAT:DEX=11|STR=10|CON=10|INT=10|WIS=10|CHA=10

STARTPACK:Familiar ~ Raven	TYPE:Companion	VISIBLE:NO
RACE:Familiar (Raven)	!PRERACE:1,%

#SKILL:Listen	RANK:1
#SKILL:Spot		RANK:3
#FEAT:Weapon Finesse
TEMPLATE:Raven Familiar Language
STAT:DEX=11|STR=10|CON=10|INT=10|WIS=10|CHA=10

STARTPACK:Familiar ~ Snake	TYPE:Companion	VISIBLE:NO
RACE:Familiar (Snake (Viper))	!PRERACE:1,%

#SKILL:Listen	RANK:1
#SKILL:Spot		RANK:1
#FEAT:Weapon Finesse
STAT:DEX=11|CON=11|STR=10|INT=10|WIS=10|CHA=10

STARTPACK:Familiar ~ Toad	TYPE:Companion	VISIBLE:NO
RACE:Familiar (Toad)	!PRERACE:1,%

#SKILL:Hide	RANK:4
#FEAT:Alertness
STAT:CON=11|STR=10|DEX=10|INT=10|WIS=10|CHA=10

STARTPACK:Familiar ~ Weasel	TYPE:Companion	VISIBLE:NO
RACE:Familiar (Weasel)	!PRERACE:1,%
#SKILL:Hide			RANK:1
#SKILL:Move Silently	RANK:2
#SKILL:Spot			RANK:1
#SKILL:Spot			RANK:1	FREE:YES
#FEAT:Weapon Finesse
STAT:STR=11|DEX=11|CHA=11|CON=10|INT=10|WIS=10

