# CVS $Revision$ $Author$ -- Tue Aug  4 14:22:27 2009 -- reformated by prettylst.pl v1.39 (build 9548)
SOURCELONG:Pathfinder Roleplaying Game Core Rulebook	SOURCESHORT:PFCR	SOURCEWEB:http://paizo.com/store/byCompany/p/paizoPublishingLLC/pathfinder/pathfinderRPG/v5748btpy8255	SOURCEDATE:2009-08
# Original RSRD Entry by: PCGen Data Team
# Pathfinder RPG Entry by: Stefan Radermacher

###Block: Charged items
# Modifier Name	Unique Key			Cost							Visible	Choose		Nb of Charges
Charges (3)		KEY:CHARGED_ITEM_3	COST:((BASECOST/3)*%CHARGES)-BASECOST	VISIBLE:NO	CHOOSE:NOCHOICE	CHARGES:1|3
Charges (4)		KEY:CHARGED_ITEM_4	COST:((BASECOST/4)*%CHARGES)-BASECOST	VISIBLE:NO	CHOOSE:NOCHOICE	CHARGES:1|4
Charges (5)		KEY:CHARGED_ITEM_5	COST:((BASECOST/5)*%CHARGES)-BASECOST	VISIBLE:NO	CHOOSE:NOCHOICE	CHARGES:1|5
Charges (6)		KEY:CHARGED_ITEM_6	COST:((BASECOST/6)*%CHARGES)-BASECOST	VISIBLE:NO	CHOOSE:NOCHOICE	CHARGES:1|6
Charges (7)		KEY:CHARGED_ITEM_7	COST:((BASECOST/7)*%CHARGES)-BASECOST	VISIBLE:NO	CHOOSE:NOCHOICE	CHARGES:1|7
Charges (8)		KEY:CHARGED_ITEM_8	COST:((BASECOST/8)*%CHARGES)-BASECOST	VISIBLE:NO	CHOOSE:NOCHOICE	CHARGES:1|8
Charges (10)	KEY:CHARGED_ITEM_10	COST:((BASECOST/10)*%CHARGES)-BASECOST	VISIBLE:NO	CHOOSE:NOCHOICE	CHARGES:1|10
Charges (12)	KEY:CHARGED_ITEM_12	COST:((BASECOST/12)*%CHARGES)-BASECOST	VISIBLE:NO	CHOOSE:NOCHOICE	CHARGES:1|12
Charges (20)	KEY:CHARGED_ITEM_20	COST:((BASECOST/20)*%CHARGES)-BASECOST	VISIBLE:NO	CHOOSE:NOCHOICE	CHARGES:1|20
Charges (34)	KEY:CHARGED_ITEM_34	COST:((BASECOST/34)*%CHARGES)-BASECOST	VISIBLE:NO	CHOOSE:NOCHOICE	CHARGES:1|34
Charges (36)	KEY:CHARGED_ITEM_36	COST:((BASECOST/36)*%CHARGES)-BASECOST	VISIBLE:NO	CHOOSE:NOCHOICE	CHARGES:1|36
Charges (50)	KEY:CHARGED_ITEM_50	COST:((BASECOST/50)*%CHARGES)-BASECOST	VISIBLE:NO	CHOOSE:NOCHOICE	CHARGES:1|50
Charges (101)	KEY:CHARGED_ITEM_101	COST:((BASECOST/101)*%CHARGES)-BASECOST	VISIBLE:NO	CHOOSE:NOCHOICE	CHARGES:1|101
Staff Charges	KEY:CHARGED_STAFF		COST:0						VISIBLE:NO	CHOOSE:NOCHOICE	CHARGES:1|10

###Block: Use per day items
# Modifier Name	Unique Key			Visible	Choose		Nb of Charges
Uses per Day (1)	KEY:USES_PER_DAY_1	VISIBLE:NO	CHOOSE:NOCHOICE	CHARGES:1|1
Uses per Day (2)	KEY:USES_PER_DAY_2	VISIBLE:NO	CHOOSE:NOCHOICE	CHARGES:2|2
Uses per Day (3)	KEY:USES_PER_DAY_3	VISIBLE:NO	CHOOSE:NOCHOICE	CHARGES:3|3
Uses per Day (10)	KEY:USES_PER_DAY_10	VISIBLE:NO	CHOOSE:NOCHOICE	CHARGES:10|10

###Block: Magic Item abilities
# Modifier Name					Unique Key		Naming Option	Type																					Cost															Visible		Type granted				Choose			Nb of Charges
Spell Effect (Single Use/Use Activated)	KEY:SPL_1USE	NAMEOPT:SPELL	TYPE:Potion.Oil																			COST:(50*(max(%SPELLLEVEL,(1/2)))*%CASTERLEVEL)+%SPELLCOST+(5*%SPELLXPCOST)			VISIBLE:QUALIFY	ITYPE:Enhancement.Magic.Consumable	CHOOSE:EQBUILDER.SPELL
Spell Effect (50 Charges/Spell Trigger)	KEY:SPL_CHRG	NAMEOPT:SPELL	TYPE:Armor.Shield.Weapon.Amulet.Belt.Bracer.Cape.Glove.Headgear.Instrument.Mantle.Ring.Robe.Shirt.Eyegear.Boot.Staff.Wand	COST:((15*(max(%SPELLLEVEL,(1/2)))*%CASTERLEVEL)+%SPELLCOST+(5*%SPELLXPCOST))*%CHARGES	VISIBLE:QUALIFY	ITYPE:Enhancement.Magic			CHOOSE:EQBUILDER.SPELL	CHARGES:1|50

###Block: Generic Magical Enhancment modifiers
# Modifier Name		Unique Key		Cost			Choose
Magical Enhancment Cost	KEY:MAGIC_COST	COST:%CHOICE	CHOOSE:NUMBER|MIN=1|MAX=1000000|TITLE=Additional Cost
