CAMPAIGN:From the laboratory of the Mad Wizard Shadmar (Rev. 2)
MINVER:5.16.3
DEST:DATA

SOURCELONG:From the Laboratory of the Mad Wizard Shadmar
SOURCESHORT:MWS
SOURCEWEB:http://www.nitehawk-games.biz/products/shadmar_rev2.html
SOURCEDATE:09-2009

PUBNAMELONG:Nitehawk Interactive
PUBNAMESHORT:NIG
PUBNAMEWEB:http://www.nitehawk-games.biz/index.html

INFOTEXT:Special Instructions - None
COPYRIGHT:Open Game License v 1.0a Copyright 2000, Wizards of the Coast, Inc.
COPYRIGHT:System Reference Document Copyright 2000-2003, Wizards of the Coast, Inc.; Authors Jonathan Tweet, Monte Cook, Skip Williams, Rich Baker, Andy Collins, David Noonan, Rich Redman, Bruce R. Cordell, John D. Rateliff, Thomas Reid, James Wyatt, based on original material by E. Gary Gygax and Dave Arneson.
COPYRIGHT:From the Laboratory of the Mad Wizard Shadmar Copyright 2005, Nitehawk Interactive
COPYRIGHT:From the Laboratory of the Mad Wizard Shadmar Revision 2 Copyright 2009, Nitehawk Interactive Games
COPYRIGHT:PCGen dataset conversion for the "From the laboratory of the Mad Wizard Shadmar Revision 2" 2009, PCgen Data team (Including, but not limited to Andrew Maitland)