CAMPAIGN:Paizo - Rise of the Runelords - Chapter 3: The Hook Mountain Massacre
MINVER:5.14.1
MINDEVVER: 5.15.0
DEST:DATA
COPYRIGHT:Open Game License v 1.0 Copyright 2000, Wizards of the Coast, Inc.
COPYRIGHT:System Reference Document. Copyright 2000. Wizards of the Coast, Inc; Authors Jonathan Tweet, Monte Cook, Skip Williams, based on material by E. Gary Gygax and Dave Arneson.
COPYRIGHT:Rise of the Runelords Player's Guide. Copyright 2007 Paizo Publishing LLC. Author: F. Wesley Schneider.
COPYRIGHT:Pathfinder 1: Burnt Offerings. Copyright 2007 Paizo Publishing LLC. Author: James Jacobs.
COPYRIGHT:Pathfinder 2: The Skinsaw Murders. Copyright 2007 Paizo Publishing LLC. Author: Richard Pett.
COPYRIGHT:Pathfinder 3: The Hook Mountain Massacre. Copyright 2007 Paizo Publishing LLC. Author: Nicholas Logue.
COPYRIGHT:PCGen dataset conversion for "Pathfinder 3: The Hook Mountain Massacre" Copyright 2008, PCGen Data Team (including, but not limited to Eric C. Smith)
SOURCELONG:Rise of the Runelords - Chapter 3: The Hook Mountain Maassacre
SOURCESHORT:PF3
SOURCEWEB:http://paizo.com/pathfinder/v5748btpy80e8
SOURCEDATE:2007-08
PUBNAMELONG:Paizo Publishing
PUBNAMESHORT:Paizo
PUBNAMEWEB:http://paizo.com/
INFOTEXT:Rise of the Runelords - Chapter 3: The Hook Mountain Massacre, Dataset Version 1.0
