CAMPAIGN:Paizo - Second Darkness - Pathfinder Conversion Sets Chapters 2-6
MINVER:5.16.2
MINDEVVER: 5.17.0
DEST:DATA

PUBNAMELONG:Paizo Publishing
PUBNAMESHORT:Paizo
PUBNAMEWEB:http://paizo.com/
SOURCELONG:Second Darkness Pathfinder Conversion Sets Chapters 2-6
SOURCESHORT:RRPG
SOURCEWEB:http://paizo.com
SOURCEDATE:2008-08

INFOTEXT:This installer installs Pathfinder RPG conversion sets for chapters 2 through 6 of the Second Darkness adventure paths. These sets require that you also have installed the Pathfinder RPG and Bestiary installer (release 6) which also installs the Players Guide and Chapter 1 of Second Darkness.

COPYRIGHT:Open Game License v 1.0 Copyright 2000, Wizards of the Coast, Inc.
COPYRIGHT:System Reference Document. Copyright 2000. Wizards of the Coast, Inc; Authors Jonathan Tweet, Monte Cook, Skip Williams, based on material by E. Gary Gygax and Dave Arneson.
COPYRIGHT:Pathfinder Companion: Second Darkness Player's Guide, Copyright 2008, Paizo Publishing, LLC; Authors James Jacobs, F. Wesley Schneider, Amber Scott, Greg A. Vaughan.
COPYRIGHT:Pathfinder 13: Shadow in the Sky. Copyright 2008, Paizo Publishing, LLC; Author: Greg A. Vaughan.
COPYRIGHT:Pathfinder 14: Children of the Void. Copyright 2008, Paizo Publishing, LLC; Author: Mike McArtor.
COPYRIGHT:Pathfinder 15: The Armageddon Echo. Copyright 2008, Paizo Publishing, LLC; Author: Jason Bulmahn.
COPYRIGHT:Pathfinder 16: Endless Night. Copyright 2008, Paizo Publishing, LLC; Author: F. Wesley Schneider.
COPYRIGHT:Pathfinder 17: A Memory of Darkness. Copyright 2008, Paizo Publishing, LLC; Author: J. D. Wiker.
COPYRIGHT:Pathfinder 18: Descent into Midnight. Copyright 2009, Paizo Publishing, LLC; Author: Brian Cortijo.
COPYRIGHT:This dataset uses trademarks and/or copyrights owned by Paizo Publishing, LLC, which are used under Paizo's Community Use Policy. We are expressly prohibited from charging you to use or access this content. This dataset is not published, endorsed, or specifically approved by Paizo Publishing. For more information about Paizo's Community Use Policy, please visit paizo.com/communityuse. For more information about Paizo Publishing and Paizo products, please visit paizo.com.
