CAMPAIGN:Paizo - Curse of the Crimson Throne - Chapter 2: Seven Days to the Grave
MINVER:5.14.1
MINDEVVER: 5.15.0
DEST:DATA
COPYRIGHT:Open Game License v 1.0a Copyright 2000, Wizards of the Coast, Inc.
COPYRIGHT:System Reference Document. Copyright 2000. Wizards of the Coast, Inc; Authors Jonathan Tweet, Monte Cook, Skip Williams, based on material by E. Gary Gygax and Dave Arneson.
COPYRIGHT:Pathfinder 8: Seven Days to the Grave. Copyright 2008, Paizo Publishing, LLC; Author: F. Wesley Schneider.
COPYRIGHT:PCGen dataset conversion for Curse of the Crimson Thrown: Seven Days to the Grave Copyright 2008, PCGen Data team (Including, but not limited to Eddy Anthony)
SOURCELONG:Curse of the Crimson Thrown: Seven Days to the Grave
SOURCESHORT:CotCT:SDttG
SOURCEWEB:http://paizo.com/store/games/roleplayingGames/p/pathfinder/v5748btpy82qy
SOURCEDATE:2008-04
PUBNAMELONG:Paizo Publishing
PUBNAMESHORT:Paizo
PUBNAMEWEB:http://paizo.com/
INFOTEXT:Curse of the Crimson Throne - Chapter 2: Seven Days to the Grave, Dataset Version 1.0
