CAMPAIGN:Paizo - Pathfinder Chronicles: Campaign Setting - Pathfinder Conversion
MINVER:5.16.3
MINDEVVER: 5.17.4
DEST:DATA

PUBNAMELONG:Paizo Publishing
PUBNAMESHORT:Paizo
PUBNAMEWEB:http://paizo.com/
SOURCELONG:Pathfinder Chronicles: Campaign Setting
SOURCESHORT:PFCS
SOURCEWEB:http://paizo.com/store/downloads/pathfinder/pathfinderChronicles/35E/v5748btpy84eo&source=search
SOURCEDATE:2008-08

INFOTEXT:This dataset uses trademarks and/or copyrights owned by Paizo Publishing, LLC, which are used under Paizo's Community Use Policy. We are expressly prohibited from charging you to use or access this content. This dataset is not published, endorsed, or specifically approved by Paizo Publishing. For more information about Paizo's Community Use Policy, please visit paizo.com/communityuse. For more information about Paizo Publishing and Paizo products, please visit paizo.com.
COPYRIGHT:Open Game License v 1.0a Copyright 2000, Wizards of the Coast, Inc.
COPYRIGHT:System Reference Document. Copyright 2000. Wizards of the Coast, Inc; Authors Jonathan Tweet, Monte Cook, Skip Williams, based on material by E. Gary Gygax and Dave Arneson.
COPYRIGHT:Art of the Duel. Copyright 2008, Sinister Adventures; Author: Craig Shackleton.
COPYRIGHT:Tome of Horrors Revised. Copyright 2002, Necromancer Games, Inc.; Authors: Scott Greene, with Clark Peterson, Erica Balsley, Kevin Baase, Casey Christofferson, Lance Hawvermale, Travis Hawvermale, Patrick Lawinger, and Bill Webb; Based on original content from TSR.
COPYRIGHT:PCGen dataset conversion for "Pathfinder Chronicles: Campaign Setting" Copyright 2010, PCGen Data team (Including, but not limited to Eddy Anthony (MoSaT))
