CAMPAIGN:Paizo - Pathfinder Roleplaying Game: Release 2
MINVER:5.16.1
DEST:DATA
SOURCELONG:Pathfinder Roleplaying Game Core Rulebook
SOURCESHORT:PFCR
SOURCEWEB:http://www.paizo.com
SOURCEDATE:2009-08
PUBNAMELONG:Paizo Publishing Inc
PUBNAMESHORT:Paizo
PUBNAMEWEB:http://www.paizo.com
COPYRIGHT:Open Game License v 1.0a Copyright 2000, Wizards of the Coast, Inc.
COPYRIGHT:System Reference Document. Copyright 2000. Wizards of the Coast, Inc.; Authors Jonathan Tweet, Monte Cook, Skip Williams, based on material by E. Gary Gygax and Dave Arneson.
COPYRIGHT:Pathfinder RPG Core Rulebook. Copyright 2009, Paizo Publishing, LLC; Author: Jason Bulmahn, based on material by JOnathan Tweet, Monte Cook, and Skip Williams.
COPYRIGHT:The Book of Experimental Might. Copyright 2008, Monte J. Cook. All rights reserved.
COPYRIGHT:Tome of Horrors. Copyright 2002, Necromancer Games, Inc.; Authors: Scott Greene, with Clark Peterson, Erica Balsley, Kevin Baase, Casey Christofferson, Lance Hawvermale, Travis Hawvermale, Patrick Lawinger, and Bill Webb; Based on original content from TSR.
COPYRIGHT:PCGen dataset conversion for "Pathfinder Roleplaying Game Core Rulebook" Copyright 2009, PCGen Data team (Including, but not limited to Stefan Radermacher, Eddy Anthony (MoSaT), Eric Smith (Mardudd), Andrew Maitland (LegacyKing) )
COPYRIGHT:This dataset uses trademarks and/or copyrights owned by Paizo Publishing, LLC, which are used under Paizo's Community Use Policy. We are expressly prohibited from charging you to use or access this content. This dataset is not published, endorsed, or specifically approved by Paizo Publishing. For more information about Paizo's Community Use Policy, please visit paizo.com/communityuse. For more information about Paizo Publishing and Paizo products, please visit paizo.com.
INFOTEXT:Special Instructions - This file installs a new GameMode. To access the new gamemode, PCGen must be restarted after the successful install.
