#Improved Charging Hurler	KEY:Improved Charging Hurler ~ Maneuver Master	!PREFEAT:1,Improved Charging Hurler	VFEAT:Improved Charging Hurler	CATEGORY:Special Ability	TYPE:ManeuverMasterBonusFeat	VISIBLE:DISPLAY	PREVARGTEQ:MonkBonusFeatLVL,1
#Improved Cleaving Finish	KEY:Improved Cleaving Finish ~ Maneuver Master	!PREFEAT:1,Improved Cleaving Finish	VFEAT:Improved Cleaving Finish	CATEGORY:Special Ability	TYPE:ManeuverMasterBonusFeat	VISIBLE:DISPLAY	PREVARGTEQ:MonkBonusFeatLVL,1
#Improved Critical			KEY:Improved Critical ~ Maneuver Master	!PREFEAT:1,Improved Critical	VFEAT:Improved Critical (%LIST)	CATEGORY:Special Ability	TYPE:ManeuverMasterBonusFeat	VISIBLE:DISPLAY	PREVARGTEQ:MonkBonusFeatLVL,1	CHOOSE:WEAPONPROFICIENCY|PC	MULT:YES
#Improved Devastating Strike	KEY:Improved Devastating Strike ~ Maneuver Master	!PREFEAT:1,Improved Devastating Strike	VFEAT:Improved Devastating Strike	CATEGORY:Special Ability	TYPE:ManeuverMasterBonusFeat	VISIBLE:DISPLAY	PREVARGTEQ:MonkBonusFeatLVL,1
#Improved Feint			KEY:Improved Feint ~ Maneuver Master	!PREFEAT:1,Improved Feint	VFEAT:Improved Feint	CATEGORY:Special Ability	TYPE:ManeuverMasterBonusFeat	VISIBLE:DISPLAY	PREVARGTEQ:MonkBonusFeatLVL,1
#Improved Feint Partner		KEY:Improved Feint Partner ~ Maneuver Master	!PREFEAT:1,Improved Feint Partner	VFEAT:Improved Feint Partner	CATEGORY:Special Ability	TYPE:ManeuverMasterBonusFeat	VISIBLE:DISPLAY	PREVARGTEQ:MonkBonusFeatLVL,1
#Improved Impaling Critical	KEY:Improved Impaling Critical ~ Maneuver Master	!PREFEAT:1,Improved Impaling Critical	VFEAT:Improved Impaling Critical	CATEGORY:Special Ability	TYPE:ManeuverMasterBonusFeat	VISIBLE:DISPLAY	PREVARGTEQ:MonkBonusFeatLVL,1
#Improved Initiative		KEY:Improved Initiative ~ Maneuver Master	!PREFEAT:1,Improved Initiative	VFEAT:Improved Initiative	CATEGORY:Special Ability	TYPE:ManeuverMasterBonusFeat	VISIBLE:DISPLAY	PREVARGTEQ:MonkBonusFeatLVL,1
#Improved Precise Shot		KEY:Improved Precise Shot ~ Maneuver Master	!PREFEAT:1,Improved Precise Shot	VFEAT:Improved Precise Shot	CATEGORY:Special Ability	TYPE:ManeuverMasterBonusFeat	VISIBLE:DISPLAY	PREVARGTEQ:MonkBonusFeatLVL,1
#Improved Rending Fury		KEY:Improved Rending Fury ~ Maneuver Master	!PREFEAT:1,Improved Rending Fury	VFEAT:Improved Rending Fury	CATEGORY:Special Ability	TYPE:ManeuverMasterBonusFeat	VISIBLE:DISPLAY	PREVARGTEQ:MonkBonusFeatLVL,1
#Improved Shield Bash		KEY:Improved Shield Bash ~ Maneuver Master	!PREFEAT:1,Improved Shield Bash	VFEAT:Improved Shield Bash	CATEGORY:Special Ability	TYPE:ManeuverMasterBonusFeat	VISIBLE:DISPLAY	PREVARGTEQ:MonkBonusFeatLVL,1
#Improved Snap Shot		KEY:Improved Snap Shot ~ Maneuver Master	!PREFEAT:1,Improved Snap Shot	VFEAT:Improved Snap Shot	CATEGORY:Special Ability	TYPE:ManeuverMasterBonusFeat	VISIBLE:DISPLAY	PREVARGTEQ:MonkBonusFeatLVL,1
#Improved Two-Weapon Feint	KEY:Improved Two-Weapon Feint ~ Maneuver Master	!PREFEAT:1,Improved Two-Weapon Feint	VFEAT:Improved Two-Weapon Feint	CATEGORY:Special Ability	TYPE:ManeuverMasterBonusFeat	VISIBLE:DISPLAY	PREVARGTEQ:MonkBonusFeatLVL,1
#Improved Two-Weapon Fighting	KEY:Improved Two-Weapon Fighting ~ Maneuver Master	!PREFEAT:1,Improved Two-Weapon Fighting	VFEAT:Improved Two-Weapon Fighting	CATEGORY:Special Ability	TYPE:ManeuverMasterBonusFeat	VISIBLE:DISPLAY	PREVARGTEQ:MonkBonusFeatLVL,1
#Improved Unarmed Strike		KEY:Improved Unarmed Strike ~ Maneuver Master	!PREFEAT:1,Improved Unarmed Strike	VFEAT:Improved Unarmed Strike	CATEGORY:Special Ability	TYPE:ManeuverMasterBonusFeat	VISIBLE:DISPLAY	PREVARGTEQ:MonkBonusFeatLVL,1
#Improved Vital Strike		KEY:Improved Vital Strike ~ Maneuver Master	!PREFEAT:1,Improved Vital Strike	VFEAT:Improved Vital Strike	CATEGORY:Special Ability	TYPE:ManeuverMasterBonusFeat	VISIBLE:DISPLAY	PREVARGTEQ:MonkBonusFeatLVL,1


#Greater Feint			KEY:Greater Feint ~ Maneuver Master	!PREFEAT:1,Greater Feint	VFEAT:Greater Feint	CATEGORY:Special Ability	TYPE:ManeuverMasterBonusFeat	VISIBLE:DISPLAY	PREVARGTEQ:MonkBonusFeatLVL,6
#Greater Penetrating Strike	KEY:Greater Penetrating Strike ~ Maneuver Master	!PREFEAT:1,Greater Penetrating Strike	VFEAT:Greater Penetrating Strike	CATEGORY:Special Ability	TYPE:ManeuverMasterBonusFeat	VISIBLE:DISPLAY	PREVARGTEQ:MonkBonusFeatLVL,6
#Greater Shield Focus		KEY:Greater Shield Focus ~ Maneuver Master	!PREFEAT:1,Greater Shield Focus	VFEAT:Greater Shield Focus	CATEGORY:Special Ability	TYPE:ManeuverMasterBonusFeat	VISIBLE:DISPLAY	PREVARGTEQ:MonkBonusFeatLVL,6
#Greater Two-Weapon Fighting	KEY:Greater Two-Weapon Fighting ~ Maneuver Master	!PREFEAT:1,Greater Two-Weapon Fighting	VFEAT:Greater Two-Weapon Fighting	CATEGORY:Special Ability	TYPE:ManeuverMasterBonusFeat	VISIBLE:DISPLAY	PREVARGTEQ:MonkBonusFeatLVL,6
#Greater Vital Strike		KEY:Greater Vital Strike ~ Maneuver Master	!PREFEAT:1,Greater Vital Strike	VFEAT:Greater Vital Strike	CATEGORY:Special Ability	TYPE:ManeuverMasterBonusFeat	VISIBLE:DISPLAY	PREVARGTEQ:MonkBonusFeatLVL,6
#Greater Weapon Focus		KEY:Greater Weapon Focus ~ Maneuver Master	!PREFEAT:1,Greater Weapon Focus	VFEAT:Greater Weapon Focus (%LIST)	CATEGORY:Special Ability	TYPE:ManeuverMasterBonusFeat	VISIBLE:DISPLAY	PREVARGTEQ:MonkBonusFeatLVL,6	CHOOSE:WEAPONPROFICIENCY|PC	MULT:YES
#Greater Weapon Specialization	KEY:Greater Weapon Specialization ~ Maneuver Master	!PREFEAT:1,Greater Weapon Specialization	VFEAT:Greater Weapon Specialization (%LIST)	CATEGORY:Special Ability	TYPE:ManeuverMasterBonusFeat	VISIBLE:DISPLAY	PREVARGTEQ:MonkBonusFeatLVL,6	CHOOSE:WEAPONPROFICIENCY|PC	MULT:YES
#Greater Rending Fury		KEY:Greater Rending Fury ~ Maneuver Master	!PREFEAT:1,Greater Rending Fury	VFEAT:Greater Rending Fury	CATEGORY:Special Ability	TYPE:ManeuverMasterBonusFeat	VISIBLE:DISPLAY	PREVARGTEQ:MonkBonusFeatLVL,6
#Greater Snap Shot			KEY:Greater Snap Shot ~ Maneuver Master	!PREFEAT:1,Greater Snap Shot	VFEAT:Greater Snap Shot	CATEGORY:Special Ability	TYPE:ManeuverMasterBonusFeat	VISIBLE:DISPLAY	PREVARGTEQ:MonkBonusFeatLVL,6


#Adder Strike			KEY:Adder Strike ~ Maneuver Master	!PREFEAT:1,Adder Strike	VFEAT:Adder Strike	CATEGORY:Special Ability	TYPE:ManeuverMasterBonusFeat	VISIBLE:DISPLAY	PREVARGTEQ:MonkBonusFeatLVL,10
#Arcane Strike			KEY:Arcane Strike ~ Maneuver Master	!PREFEAT:1,Arcane Strike	VFEAT:Arcane Strike	CATEGORY:Special Ability	TYPE:ManeuverMasterBonusFeat	VISIBLE:DISPLAY	PREVARGTEQ:MonkBonusFeatLVL,10
#Devastating Strike		KEY:Devastating Strike ~ Maneuver Master	!PREFEAT:1,Devastating Strike	VFEAT:Devastating Strike	CATEGORY:Special Ability	TYPE:ManeuverMasterBonusFeat	VISIBLE:DISPLAY	PREVARGTEQ:MonkBonusFeatLVL,10
#Improved Devastating Strike	KEY:Improved Devastating Strike ~ Maneuver Master	!PREFEAT:1,Improved Devastating Strike	VFEAT:Improved Devastating Strike	CATEGORY:Special Ability	TYPE:ManeuverMasterBonusFeat	VISIBLE:DISPLAY	PREVARGTEQ:MonkBonusFeatLVL,10
#Improved Unarmed Strike	KEY: ~ Maneuver Master	!PREFEAT:1,Mobility	VFEAT:Mobility	CATEGORY:Special Ability	TYPE:ManeuverMasterBonusFeat	VISIBLE:DISPLAY	PREVARGTEQ:MonkBonusFeatLVL,10
#Improved Vital Strike		KEY: ~ Maneuver Master	!PREFEAT:1,Mobility	VFEAT:Mobility	CATEGORY:Special Ability	TYPE:ManeuverMasterBonusFeat	VISIBLE:DISPLAY	PREVARGTEQ:MonkBonusFeatLVL,10
#Kirin Strike			KEY:Kirin Strike ~ Maneuver Master	!PREFEAT:1,Kirin Strike	VFEAT:Kirin Strike	CATEGORY:Special Ability	TYPE:ManeuverMasterBonusFeat	VISIBLE:DISPLAY	PREVARGTEQ:MonkBonusFeatLVL,10
#Penetrating Strike		KEY:Penetrating Strike ~ Maneuver Master	!PREFEAT:1,Penetrating Strike	VFEAT:Penetrating Strike	CATEGORY:Special Ability	TYPE:ManeuverMasterBonusFeat	VISIBLE:DISPLAY	PREVARGTEQ:MonkBonusFeatLVL,10
#Vital Strike			KEY:Vital Strike ~ Maneuver Master	!PREFEAT:1,Vital Strike	VFEAT:Vital Strike	CATEGORY:Special Ability	TYPE:ManeuverMasterBonusFeat	VISIBLE:DISPLAY	PREVARGTEQ:MonkBonusFeatLVL,10
#Wave Strike				KEY:Wave Strike ~ Maneuver Master	!PREFEAT:1,Wave Strike	VFEAT:Wave Strike	CATEGORY:Special Ability	TYPE:ManeuverMasterBonusFeat	VISIBLE:DISPLAY	PREVARGTEQ:MonkBonusFeatLVL,10

