CAMPAIGN:Paizo - Second Darkness - Chapter 4: Endless Night
MINVER:5.14.1
MINDEVVER: 5.15.0
DEST:DATA
COPYRIGHT:Open Game License v 1.0a Copyright 2000, Wizards of the Coast, Inc.
COPYRIGHT:System Reference Document. Copyright 2000. Wizards of the Coast, Inc; Authors Jonathan Tweet, Monte Cook, Skip Williams, based on material by E. Gary Gygax and Dave Arneson.
COPYRIGHT:Pathfinder 16: Endless Night. Copyright 2008, Paizo Publishing, LLC; Author: F. Wesley Schneider.
COPYRIGHT:The Advanced Bestiary. Copyright 2004, Green Ronin Publishing; Author: Matthew Sernett.
COPYRIGHT:Plot & Poison: A Guidebook to Drow. Copyright 2002, Green Ronin Publishing; Author: Matthew Sernett.
COPYRIGHT:Tome of Horrors. Copyright 2002, Necromancer Games, Inc.; Authors: Scott Greene, with Clark Peterson, Erica Balsley, Kevin Baase, Casey Christofferson, Lance Hawvermale, Travis Hawvermale, Patrick Lawinger, and Bill Webb; Based on original content from TSR.
COPYRIGHT:These data sets use trademarks and/or copyrights owned by Paizo Publishing, LLC, used with permission. These datasets are not published, endorsed, or specifically approved by Paizo Publishing. For more information about Pathfinder, Paizo Publishing and Paizo products, please visit paizo.com
COPYRIGHT:PCGen dataset conversion for "Second Darkness - Chapter 4: Endless Night" Copyright 2008, PCGen Data Team (including, but not limited to, Eddy Anthony (MoSaT))
SOURCELONG:Second Darkness - Chapter 4: Endless Night
SOURCESHORT:PF16
SOURCEWEB:http://paizo.com/pathfinder/adventurePath/secondDarkness/v5748btpy81tq
SOURCEDATE:2008-11
PUBNAMELONG:Paizo Publishing
PUBNAMESHORT:Paizo
PUBNAMEWEB:http://paizo.com/
INFOTEXT:Second Darkness - Chapter 4: Endless Night, Dataset Version 1.0
