CAMPAIGN:Paizo - Second Darkness - Chapter 3: The Armageddon Echo
MINVER:5.14.1
MINDEVVER: 5.15.0
DEST:DATA
COPYRIGHT:Open Game License v 1.0a Copyright 2000, Wizards of the Coast, Inc.
COPYRIGHT:System Reference Document. Copyright 2000. Wizards of the Coast, Inc; Authors Jonathan Tweet, Monte Cook, Skip Williams, based on material by E. Gary Gygax and Dave Arneson.
COPYRIGHT:Pathfinder 15: The Armageddon Echo. Copyright 2008, Paizo Publishing, LLC; Author: Jason Bulmahn.
COPYRIGHT:Tome of Horrors. Copyright 2002, Necromancer Games, Inc.; Authors: Scott Greene, with Clark Peterson, Erica Balsley, Kevin Baase, Casey Christofferson, Lance Hawvermale, Travis Hawvermale, Patrick Lawinger, and Bill Webb; Based on original content from TSR.
COPYRIGHT:PCGen dataset conversion for "Second Darkness - Chapter 3: The Armageddon Echo" Copyright 2008, PCGen Data Team (including, but not limited to, Eddy Abthony (MoSaT))
SOURCELONG:Second Darkness - Chapter 3: The Armageddon Echo
SOURCESHORT:PF15
SOURCEWEB:http://paizo.com/pathfinder/adventurePath/secondDarkness/v5748btpy85ep
SOURCEDATE:2008-10
PUBNAMELONG:Paizo Publishing
PUBNAMESHORT:Paizo
PUBNAMEWEB:http://paizo.com/
INFOTEXT:Second Darkness - Chapter 3: The Armageddon Echo, Dataset Version 1.0
