# CVS $Revision$ $Author$ -- Fri Nov  5 22:46:23 2010 -- reformated by prettylst.pl v1.39 (build 11455)
SOURCELONG:Relics and Rituals	SOURCESHORT:RelicRitual	SOURCEWEB:http://www.swordsorcery.com

# Skill Name		Key Stat	Untrained?		Classes					Type					Source Page		Bonus to skill
Craft (Tattoo)		KEYSTAT:INT	USEUNTRAINED:NO							TYPE:Intelligence.Craft		SOURCEPAGE:p.128
Ritual Casting		KEYSTAT:CON	USEUNTRAINED:NO	CLASSES:Wizard|Sorcerer|Cleric	TYPE:Constitution			SOURCEPAGE:p.128	BONUS:SKILL|Ritual Casting|2|PRESKILL:1,Concentration=5
# TODO: Code Support Request     * NEWTAG-219
# TODO: Need to support full casters as a Class Skill; Partial Casters as a Cross-Class; and everyone else is excluded.
# COMMENT: Removed the Exclusive Tag to allow users to use the Skill for the time being until proper code support exists.
Knowledge (Astrology)	KEYSTAT:INT	USEUNTRAINED:NO							TYPE:Intelligence.Knowledge	SOURCEPAGE:p.197
Knowledge (Patron Lore)	KEYSTAT:INT	USEUNTRAINED:NO							TYPE:Intelligence.Knowledge	SOURCEPAGE:p.
