



#p251 
Common (Taldane).MOD	TYPE:HumanBonusSelection
Hallit.MOD	TYPE:HumanBonusSelection
Kelish.MOD	TYPE:HumanBonusSelection
Osiriani.MOD	TYPE:HumanBonusSelection
Polyglot.MOD	TYPE:HumanBonusSelection
Shadowtongue.MOD	TYPE:HumanBonusSelection
Shoanti.MOD	TYPE:HumanBonusSelection
Skald.MOD	TYPE:HumanBonusSelection
Tien.MOD	TYPE:HumanBonusSelection
Varisian.MOD	TYPE:HumanBonusSelection
Vudrani.MOD	TYPE:HumanBonusSelection
	
Abyssal.MOD	TYPE:HumanBonusSelection
Aklo.MOD	TYPE:HumanBonusSelection
Aquan.MOD	TYPE:HumanBonusSelection
Auran.MOD	TYPE:HumanBonusSelection
Celestial.MOD	TYPE:HumanBonusSelection
Draconic.MOD	TYPE:HumanBonusSelection
#Druidic.MOD	TYPE:HumanBonusSelection
Dwarven.MOD	TYPE:HumanBonusSelection
Elven.MOD	TYPE:HumanBonusSelection
Giant.MOD	TYPE:HumanBonusSelection
Gnome.MOD	TYPE:HumanBonusSelection
Goblin.MOD	TYPE:HumanBonusSelection
Gnoll.MOD	TYPE:HumanBonusSelection
Halfling.MOD	TYPE:HumanBonusSelection
Ignan.MOD	TYPE:HumanBonusSelection
Infernal.MOD	TYPE:HumanBonusSelection
Necril.MOD	TYPE:HumanBonusSelection
Orc.MOD	TYPE:HumanBonusSelection
Orvian.MOD	TYPE:HumanBonusSelection
Sylvan.MOD	TYPE:HumanBonusSelection
Terran.MOD	TYPE:HumanBonusSelection
Undercommon.MOD	TYPE:HumanBonusSelection
