# CVS $Revision$ $Author$ -- Sun Jun 29 02:10:34 2008 -- reformated by prettylst.pl v1.38 (build 6792)
SOURCELONG:Curse of the Crimson Throne Player's Guide	SOURCESHORT:CCTPG	SOURCEWEB:http://paizo.com/pathfinder/adventurePath/v5748btpy806v	SOURCEDATE:2008-02


# Feat Name		Type		Required Feat							Required Non-Monster Lvl	Required Stat	Required Class	Required Subclass										Required Text						Description																													Source Page	Bonus Companions					Skill Bonus
Acadamae Graduate																			PRESUBCLASS:1,Abjurer,Conjurer,Diviner,Enchanter,Evoker,Illusionist,Necromancer,Transmuter	PRETEXT:Cannot have conjuration as a forbidden school.	DESC:You have passed the grueling Test of Summoning and graduated from the Acadamae.																					SOURCEPAGE:p. 11
Crossbow Mastery	TYPE:General.Fighter	PREFEAT:3,Point Blank Shot,Rapid Reload,Rapid Shot						PRESTAT:1,DEX=15																					DESC:You can load crossbows with blinding speed and even fire them in melee with little fear of reprisal.																			SOURCEPAGE:p. 10
Harrowed													PREPCLEVEL:MAX=1		PRESTAT:1,CHA=13																					DESC:Numerous Harrow readings early in your life seem to have hit the mark precisely, increasing your belief that you are destined for a specific purpose in life; the Harrow deck and your destiny seem intertwined.							SOURCEPAGE:p. 14
Sable Company Marine	TYPE:General																PRECLASS:1,Ranger=4																DESC:You graduated from the elite hippogriff-riding school of the Endrin Military Academy																					SOURCEPAGE:p. 6	COMPANIONLIST:Animal Companion|Hippogriff
Shingle Runner		TYPE:General	PREFEAT:1,Acrobatic									PRESTAT:1,DEX=13																					DESC:As a child, you spent a lot of time in the Shingles, the interconnected rooftops that span much of Korvosa. You are particularly adept at climbing, jumping, and avoiding falls										SOURCEPAGE:p. 6							BONUS:SKILL|Climb,Jump|2

#
# End
#
